Archive member included to satisfy reference by file (symbol)

app/libapp.a(main.c.obj)      (--whole-archive)
zephyr/libzephyr.a(cbprintf_packaged.c.obj)
                              (--whole-archive)
zephyr/libzephyr.a(dec.c.obj)
                              (--whole-archive)
zephyr/libzephyr.a(fdtable.c.obj)
                              (--whole-archive)
zephyr/libzephyr.a(hex.c.obj)
                              (--whole-archive)
zephyr/libzephyr.a(printk.c.obj)
                              (--whole-archive)
zephyr/libzephyr.a(rb.c.obj)  (--whole-archive)
zephyr/libzephyr.a(sem.c.obj)
                              (--whole-archive)
zephyr/libzephyr.a(thread_entry.c.obj)
                              (--whole-archive)
zephyr/libzephyr.a(timeutil.c.obj)
                              (--whole-archive)
zephyr/libzephyr.a(heap.c.obj)
                              (--whole-archive)
zephyr/libzephyr.a(heap-validate.c.obj)
                              (--whole-archive)
zephyr/libzephyr.a(bitarray.c.obj)
                              (--whole-archive)
zephyr/libzephyr.a(multi_heap.c.obj)
                              (--whole-archive)
zephyr/libzephyr.a(cbprintf_complete.c.obj)
                              (--whole-archive)
zephyr/libzephyr.a(cbprintf.c.obj)
                              (--whole-archive)
zephyr/libzephyr.a(ring_buffer.c.obj)
                              (--whole-archive)
zephyr/libzephyr.a(assert.c.obj)
                              (--whole-archive)
zephyr/libzephyr.a(mpsc_pbuf.c.obj)
                              (--whole-archive)
zephyr/libzephyr.a(configs.c.obj)
                              (--whole-archive)
zephyr/libzephyr.a(soc.c.obj)
                              (--whole-archive)
zephyr/libzephyr.a(stm32cube_hal.c.obj)
                              (--whole-archive)
zephyr/libzephyr.a(soc_config.c.obj)
                              (--whole-archive)
zephyr/libzephyr.a(log_core.c.obj)
                              (--whole-archive)
zephyr/libzephyr.a(log_mgmt.c.obj)
                              (--whole-archive)
zephyr/libzephyr.a(log_cache.c.obj)
                              (--whole-archive)
zephyr/libzephyr.a(log_msg.c.obj)
                              (--whole-archive)
zephyr/libzephyr.a(log_output.c.obj)
                              (--whole-archive)
zephyr/libzephyr.a(log_backend_rtt.c.obj)
                              (--whole-archive)
zephyr/libzephyr.a(tracing_none.c.obj)
                              (--whole-archive)
zephyr/arch/common/libarch__common.a(sw_isr_common.c.obj)
                              (--whole-archive)
zephyr/arch/arch/arm/core/aarch32/libarch__arm__core__aarch32.a(cpu_idle.S.obj)
                              (--whole-archive)
zephyr/arch/arch/arm/core/aarch32/libarch__arm__core__aarch32.a(fatal.c.obj)
                              (--whole-archive)
zephyr/arch/arch/arm/core/aarch32/libarch__arm__core__aarch32.a(irq_manage.c.obj)
                              (--whole-archive)
zephyr/arch/arch/arm/core/aarch32/libarch__arm__core__aarch32.a(nmi.c.obj)
                              (--whole-archive)
zephyr/arch/arch/arm/core/aarch32/libarch__arm__core__aarch32.a(nmi_on_reset.S.obj)
                              (--whole-archive)
zephyr/arch/arch/arm/core/aarch32/libarch__arm__core__aarch32.a(prep_c.c.obj)
                              (--whole-archive)
zephyr/arch/arch/arm/core/aarch32/libarch__arm__core__aarch32.a(swap.c.obj)
                              (--whole-archive)
zephyr/arch/arch/arm/core/aarch32/libarch__arm__core__aarch32.a(swap_helper.S.obj)
                              (--whole-archive)
zephyr/arch/arch/arm/core/aarch32/libarch__arm__core__aarch32.a(thread.c.obj)
                              (--whole-archive)
zephyr/arch/arch/arm/core/aarch32/libarch__arm__core__aarch32.a(isr_wrapper.S.obj)
                              (--whole-archive)
zephyr/arch/arch/arm/core/aarch32/cortex_m/libarch__arm__core__aarch32__cortex_m.a(exc_exit.S.obj)
                              (--whole-archive)
zephyr/arch/arch/arm/core/aarch32/cortex_m/libarch__arm__core__aarch32__cortex_m.a(fault.c.obj)
                              (--whole-archive)
zephyr/arch/arch/arm/core/aarch32/cortex_m/libarch__arm__core__aarch32__cortex_m.a(fault_s.S.obj)
                              (--whole-archive)
zephyr/arch/arch/arm/core/aarch32/cortex_m/libarch__arm__core__aarch32__cortex_m.a(fpu.c.obj)
                              (--whole-archive)
zephyr/arch/arch/arm/core/aarch32/cortex_m/libarch__arm__core__aarch32__cortex_m.a(irq_init.c.obj)
                              (--whole-archive)
zephyr/arch/arch/arm/core/aarch32/cortex_m/libarch__arm__core__aarch32__cortex_m.a(reset.S.obj)
                              (--whole-archive)
zephyr/arch/arch/arm/core/aarch32/cortex_m/libarch__arm__core__aarch32__cortex_m.a(scb.c.obj)
                              (--whole-archive)
[...]
Memory Configuration

Name             Origin             Length             Attributes
FLASH            0x0000000008000000 0x0000000000010000 xr
RAM              0x0000000020000000 0x0000000000005000 xw
IDT_LIST         0x00000000fffff7ff 0x0000000000000800 xw
*default*        0x0000000000000000 0xffffffffffffffff

Linker script and memory map

LOAD zephyr/CMakeFiles/zephyr_pre0.dir/misc/empty_file.c.obj
LOAD zephyr/CMakeFiles/offsets.dir/./arch/arm/core/offsets/offsets.c.obj
LOAD app/libapp.a
LOAD zephyr/libzephyr.a
LOAD zephyr/arch/common/libarch__common.a
LOAD zephyr/arch/arch/arm/core/aarch32/libarch__arm__core__aarch32.a
LOAD zephyr/arch/arch/arm/core/aarch32/cortex_m/libarch__arm__core__aarch32__cortex_m.a
LOAD zephyr/lib/libc/minimal/liblib__libc__minimal.a
LOAD zephyr/lib/libc/common/liblib__libc__common.a
LOAD zephyr/drivers/interrupt_controller/libdrivers__interrupt_controller.a
LOAD zephyr/drivers/clock_control/libdrivers__clock_control.a
LOAD zephyr/drivers/console/libdrivers__console.a
LOAD zephyr/drivers/gpio/libdrivers__gpio.a
LOAD zephyr/drivers/i2c/libdrivers__i2c.a
LOAD zephyr/drivers/pinctrl/libdrivers__pinctrl.a
LOAD zephyr/drivers/timer/libdrivers__timer.a
LOAD modules/stm32/stm32cube/lib..__modules__hal__stm32__stm32cube.a
LOAD modules/segger/libmodules__segger.a
LOAD modules/drivers_ds3231/ds3231_driver/lib..__..__driver_i2c__drivers_ds3231__ds3231_driver.a
LOAD zephyr/kernel/libkernel.a
LOAD d:/desktop/source/zephyr-sdk-0.16.1/arm-zephyr-eabi/bin/../lib/gcc/arm-zephyr-eabi/12.2.0/thumb/v7-m/nofp\libgcc.a
LOAD zephyr/arch/common/libisr_tables.a
                0x0000000000000004                _region_min_align = 0x4

.rel.plt        0x0000000008000000        0x0
 *(SORT_BY_ALIGNMENT(.rel.plt))
                [!provide]                        PROVIDE (__rel_iplt_start = .)
 *(SORT_BY_ALIGNMENT(.rel.iplt))
 .rel.iplt      0x0000000008000000        0x0 app/libapp.a(main.c.obj)
                [!provide]                        PROVIDE (__rel_iplt_end = .)

.rela.plt       0x0000000000000000        0x0
 *(SORT_BY_ALIGNMENT(.rela.plt))
                [!provide]                        PROVIDE (__rela_iplt_start = .)
 *(SORT_BY_ALIGNMENT(.rela.iplt))
                [!provide]                        PROVIDE (__rela_iplt_end = .)

.rel.dyn
 *(SORT_BY_ALIGNMENT(.rel.*))

.rela.dyn
 *(SORT_BY_ALIGNMENT(.rela.*))

/DISCARD/
 *(SORT_BY_ALIGNMENT(.plt))

/DISCARD/
 *(SORT_BY_ALIGNMENT(.iplt))
                0x0000000008000000                __rom_region_start = 0x8000000

rom_start       0x0000000008000000      0x130
                0x0000000008000000                __rom_start_address = .
                0x0000000008000000                . = (. + (0x0 - (. - __rom_start_address)))
                0x0000000008000000                . = ALIGN (0x4)
                0x0000000008000000                . = ALIGN (0x80)
                0x0000000008000000                . = ALIGN (0x200)
                0x0000000008000000                _vector_start = .
 *(SORT_BY_ALIGNMENT(.exc_vector_table))
 *(SORT_BY_ALIGNMENT(.exc_vector_table.*))
 .exc_vector_table._vector_table_section
                0x0000000008000000       0x40 zephyr/arch/arch/arm/core/aarch32/cortex_m/libarch__arm__core__aarch32__cortex_m.a(vector_table.S.obj)
                0x0000000008000000                _vector_table
 *(SORT_BY_ALIGNMENT(.vectors))
                0x0000000008000130                _vector_end = .
                0x0000000008000040                . = ALIGN (0x4)
 *(SORT_BY_ALIGNMENT(.gnu.linkonce.irq_vector_table*))
 .gnu.linkonce.irq_vector_table
                0x0000000008000040       0xf0 zephyr/arch/common/libisr_tables.a(isr_tables.c.obj)
                0x0000000008000040                _irq_vector_table
                0x0000000008000130                _vector_end = .

text            0x0000000008000130     0x6134
                0x0000000008000130                __text_region_start = .
 *(SORT_BY_ALIGNMENT(.text))
 .text          0x0000000008000130       0x30 d:/desktop/source/zephyr-sdk-0.16.1/arm-zephyr-eabi/bin/../lib/gcc/arm-zephyr-eabi/12.2.0/thumb/v7-m/nofp\libgcc.a(_aeabi_uldivmod.o)
                0x0000000008000130                __aeabi_uldivmod
 .text          0x0000000008000160        0x4 d:/desktop/source/zephyr-sdk-0.16.1/arm-zephyr-eabi/bin/../lib/gcc/arm-zephyr-eabi/12.2.0/thumb/v7-m/nofp\libgcc.a(_dvmd_tls.o)
                0x0000000008000160                __aeabi_idiv0
                0x0000000008000160                __aeabi_ldiv0
 .text          0x0000000008000164      0x2a0 d:/desktop/source/zephyr-sdk-0.16.1/arm-zephyr-eabi/bin/../lib/gcc/arm-zephyr-eabi/12.2.0/thumb/v7-m/nofp\libgcc.a(_udivmoddi4.o)
                0x0000000008000164                __udivmoddi4
 *(SORT_BY_ALIGNMENT(.text.*))
 .text.main     0x0000000008000404       0x94 app/libapp.a(main.c.obj)
                0x0000000008000404                main
 .text.cbvprintf_package
                0x0000000008000498      0x3a4 zephyr/libzephyr.a(cbprintf_packaged.c.obj)
                0x0000000008000498                cbvprintf_package
 .text.cbprintf_package_convert
                0x000000000800083c      0x3bc zephyr/libzephyr.a(cbprintf_packaged.c.obj)
                0x000000000800083c                cbprintf_package_convert
 .text.__printk_hook_install
                0x0000000008000bf8        0xc zephyr/libzephyr.a(printk.c.obj)
                0x0000000008000bf8                __printk_hook_install
 .text.vsnprintk
                0x0000000008000c04       0x2c zephyr/libzephyr.a(printk.c.obj)
                0x0000000008000c04                vsnprintk
 .text.z_cbvprintf_impl
                0x0000000008000c30      0xcd4 zephyr/libzephyr.a(cbprintf_complete.c.obj)
                0x0000000008000c30                z_cbvprintf_impl
 .text.stm32f1_init
                0x0000000008001904       0x14 zephyr/libzephyr.a(soc.c.obj)
 .text.st_stm32_common_config
                0x0000000008001918       0x30 zephyr/libzephyr.a(soc_config.c.obj)
 .text.activate_foreach_backend
                0x0000000008001948       0x64 zephyr/libzephyr.a(log_core.c.obj)
 .text.enable_logger
                0x00000000080019ac       0x5c zephyr/libzephyr.a(log_core.c.obj)
 .text.log_process_thread_timer_expiry_fn
                0x0000000008001a08        0xc zephyr/libzephyr.a(log_core.c.obj)
 .text.z_log_init
                0x0000000008001a14       0x8c zephyr/libzephyr.a(log_core.c.obj)
 .text.log_format_func_t_get
                0x0000000008001aa0        0xc zephyr/libzephyr.a(log_core.c.obj)
                0x0000000008001aa0                log_format_func_t_get
 .text.log_set_timestamp_func
                0x0000000008001aac       0x20 zephyr/libzephyr.a(log_core.c.obj)
                0x0000000008001aac                log_set_timestamp_func
 .text.z_log_notify_backend_enabled
                0x0000000008001acc       0x1c zephyr/libzephyr.a(log_core.c.obj)
                0x0000000008001acc                z_log_notify_backend_enabled
 .text.z_log_dropped
                0x0000000008001ae8       0x30 zephyr/libzephyr.a(log_core.c.obj)
                0x0000000008001ae8                z_log_dropped
 .text.z_log_dropped_read_and_clear
                0x0000000008001b18       0x20 zephyr/libzephyr.a(log_core.c.obj)
                0x0000000008001b18                z_log_dropped_read_and_clear
 .text.dropped_notify
                0x0000000008001b38       0x30 zephyr/libzephyr.a(log_core.c.obj)
                0x0000000008001b38                dropped_notify
 .text.z_log_msg_init
                0x0000000008001b68       0x20 zephyr/libzephyr.a(log_core.c.obj)
                0x0000000008001b68                z_log_msg_init
 .text.log_core_init
                0x0000000008001b88       0x34 zephyr/libzephyr.a(log_core.c.obj)
                0x0000000008001b88                log_core_init
 .text.z_log_msg_alloc
                0x0000000008001bbc       0x10 zephyr/libzephyr.a(log_core.c.obj)
                0x0000000008001bbc                z_log_msg_alloc
 .text.z_log_msg_local_claim
                0x0000000008001bcc        0xc zephyr/libzephyr.a(log_core.c.obj)
                0x0000000008001bcc                z_log_msg_local_claim
 .text.z_log_msg_free
                0x0000000008001bd8       0x10 zephyr/libzephyr.a(log_core.c.obj)
                0x0000000008001bd8                z_log_msg_free
 .text.z_log_msg_pending
                0x0000000008001be8        0xc zephyr/libzephyr.a(log_core.c.obj)
                0x0000000008001be8                z_log_msg_pending
 .text.z_impl_log_process
                0x0000000008001bf4       0xb0 zephyr/libzephyr.a(log_core.c.obj)
                0x0000000008001bf4                z_impl_log_process
 .text.z_impl_log_panic
                0x0000000008001ca4       0x44 zephyr/libzephyr.a(log_core.c.obj)
                0x0000000008001ca4                z_impl_log_panic
 .text.log_process_thread_func
                0x0000000008001ce8       0x9c zephyr/libzephyr.a(log_core.c.obj)
 .text.z_log_msg_post_finalize
                0x0000000008001d84       0x78 zephyr/libzephyr.a(log_core.c.obj)
 .text.z_log_msg_commit
                0x0000000008001dfc       0x24 zephyr/libzephyr.a(log_core.c.obj)
                0x0000000008001dfc                z_log_msg_commit
 .text.log_source_name_get
                0x0000000008001e20       0x1c zephyr/libzephyr.a(log_mgmt.c.obj)
                0x0000000008001e20                log_source_name_get
 .text.log_backend_enable
                0x0000000008001e3c       0x28 zephyr/libzephyr.a(log_mgmt.c.obj)
                0x0000000008001e3c                log_backend_enable
 .text.z_impl_z_log_msg_static_create
                0x0000000008001e64      0x108 zephyr/libzephyr.a(log_msg.c.obj)
                0x0000000008001e64                z_impl_z_log_msg_static_create
 .text.z_impl_z_log_msg_runtime_vcreate
                0x0000000008001f6c       0x8c zephyr/libzephyr.a(log_msg.c.obj)
                0x0000000008001f6c                z_impl_z_log_msg_runtime_vcreate
 .text.print_formatted
                0x0000000008001ff8       0x24 zephyr/libzephyr.a(log_output.c.obj)
 .text.newline_print
                0x000000000800201c       0x1c zephyr/libzephyr.a(log_output.c.obj)
 .text.log_output_process
                0x0000000008002038      0x2a4 zephyr/libzephyr.a(log_output.c.obj)
                0x0000000008002038                log_output_process
 .text.log_output_msg_process
                0x00000000080022dc       0x6c zephyr/libzephyr.a(log_output.c.obj)
                0x00000000080022dc                log_output_msg_process
 .text.log_output_dropped_process
                0x0000000008002348       0x58 zephyr/libzephyr.a(log_output.c.obj)
                0x0000000008002348                log_output_dropped_process
 .text.log_output_timestamp_freq_set
                0x00000000080023a0       0x2c zephyr/libzephyr.a(log_output.c.obj)
                0x00000000080023a0                log_output_timestamp_freq_set
 .text.log_backend_rtt_init
                0x00000000080023cc        0xc zephyr/libzephyr.a(log_backend_rtt.c.obj)
 .text.format_set
                0x00000000080023d8        0xc zephyr/libzephyr.a(log_backend_rtt.c.obj)
 .text.panic    0x00000000080023e4       0x14 zephyr/libzephyr.a(log_backend_rtt.c.obj)
 .text.dropped  0x00000000080023f8        0xc zephyr/libzephyr.a(log_backend_rtt.c.obj)
 .text.process  0x0000000008002404       0x24 zephyr/libzephyr.a(log_backend_rtt.c.obj)
 .text.on_failed_write
                0x0000000008002428       0x28 zephyr/libzephyr.a(log_backend_rtt.c.obj)
 .text.data_out_block_mode
                0x0000000008002450       0x84 zephyr/libzephyr.a(log_backend_rtt.c.obj)
 .text.z_arm_cpu_idle_init
                0x00000000080024d4        0xc zephyr/arch/arch/arm/core/aarch32/libarch__arm__core__aarch32.a(cpu_idle.S.obj)
                0x00000000080024d4                z_arm_cpu_idle_init
 .text.arch_cpu_idle
                0x00000000080024e0       0x1c zephyr/arch/arch/arm/core/aarch32/libarch__arm__core__aarch32.a(cpu_idle.S.obj)
                0x00000000080024e0                arch_cpu_idle
 .text.z_arm_fatal_error
                0x00000000080024fc       0xc8 zephyr/arch/arch/arm/core/aarch32/libarch__arm__core__aarch32.a(fatal.c.obj)
                0x00000000080024fc                z_arm_fatal_error
 .text.arch_irq_enable
                0x00000000080025c4       0x1c zephyr/arch/arch/arm/core/aarch32/libarch__arm__core__aarch32.a(irq_manage.c.obj)
                0x00000000080025c4                arch_irq_enable
 .text.z_arm_irq_priority_set
                0x00000000080025e0       0x2c zephyr/arch/arch/arm/core/aarch32/libarch__arm__core__aarch32.a(irq_manage.c.obj)
                0x00000000080025e0                z_arm_irq_priority_set
 .text.z_SysNmiOnReset
                0x000000000800260c        0x8 zephyr/arch/arch/arm/core/aarch32/libarch__arm__core__aarch32.a(nmi_on_reset.S.obj)
                0x000000000800260c                z_SysNmiOnReset
 .text.z_arm_prep_c
                0x0000000008002614       0x30 zephyr/arch/arch/arm/core/aarch32/libarch__arm__core__aarch32.a(prep_c.c.obj)
                0x0000000008002614                z_arm_prep_c
 .text.arch_swap
                0x0000000008002644       0x34 zephyr/arch/arch/arm/core/aarch32/libarch__arm__core__aarch32.a(swap.c.obj)
                0x0000000008002644                arch_swap
 .text.z_arm_pendsv
                0x0000000008002678       0x48 zephyr/arch/arch/arm/core/aarch32/libarch__arm__core__aarch32.a(swap_helper.S.obj)
                0x0000000008002678                z_arm_pendsv
 .text.z_arm_svc
                0x00000000080026c0       0x20 zephyr/arch/arch/arm/core/aarch32/libarch__arm__core__aarch32.a(swap_helper.S.obj)
                0x00000000080026c0                z_arm_svc
 .text.arch_new_thread
                0x00000000080026e0       0x38 zephyr/arch/arch/arm/core/aarch32/libarch__arm__core__aarch32.a(thread.c.obj)
                0x00000000080026e0                arch_new_thread
 .text.arch_switch_to_main_thread
                0x0000000008002718       0x24 zephyr/arch/arch/arm/core/aarch32/libarch__arm__core__aarch32.a(thread.c.obj)
                0x0000000008002718                arch_switch_to_main_thread
 .text._isr_wrapper
                0x000000000800273c       0x28 zephyr/arch/arch/arm/core/aarch32/libarch__arm__core__aarch32.a(isr_wrapper.S.obj)
                0x000000000800273c                _isr_wrapper
 .text._HandlerModeExit
                0x0000000008002764       0x1c zephyr/arch/arch/arm/core/aarch32/cortex_m/libarch__arm__core__aarch32__cortex_m.a(exc_exit.S.obj)
                0x0000000008002764                z_arm_int_exit
                0x0000000008002764                z_arm_exc_exit
 .text.mem_manage_fault.constprop.0
                0x0000000008002780      0x114 zephyr/arch/arch/arm/core/aarch32/cortex_m/libarch__arm__core__aarch32__cortex_m.a(fault.c.obj)
 .text.bus_fault.constprop.0
                0x0000000008002894      0x130 zephyr/arch/arch/arm/core/aarch32/cortex_m/libarch__arm__core__aarch32__cortex_m.a(fault.c.obj)
 .text.usage_fault.constprop.0
                0x00000000080029c4      0x104 zephyr/arch/arch/arm/core/aarch32/cortex_m/libarch__arm__core__aarch32__cortex_m.a(fault.c.obj)
 .text.z_arm_fault
                0x0000000008002ac8      0x214 zephyr/arch/arch/arm/core/aarch32/cortex_m/libarch__arm__core__aarch32__cortex_m.a(fault.c.obj)
                0x0000000008002ac8                z_arm_fault
 .text.z_arm_fault_init
                0x0000000008002cdc       0x10 zephyr/arch/arch/arm/core/aarch32/cortex_m/libarch__arm__core__aarch32__cortex_m.a(fault.c.obj)
                0x0000000008002cdc                z_arm_fault_init
 .text.__fault  0x0000000008002cec       0x14 zephyr/arch/arch/arm/core/aarch32/cortex_m/libarch__arm__core__aarch32__cortex_m.a(fault_s.S.obj)
                0x0000000008002cec                z_arm_usage_fault
                0x0000000008002cec                z_arm_mpu_fault
                0x0000000008002cec                z_arm_exc_spurious
                0x0000000008002cec                z_arm_debug_monitor
                0x0000000008002cec                z_arm_hard_fault
                0x0000000008002cec                z_arm_bus_fault
 .text.z_arm_interrupt_init
                0x0000000008002d00       0x18 zephyr/arch/arch/arm/core/aarch32/cortex_m/libarch__arm__core__aarch32__cortex_m.a(irq_init.c.obj)
                0x0000000008002d00                z_arm_interrupt_init
 .text._reset_section
                0x0000000008002d18       0x2c zephyr/arch/arch/arm/core/aarch32/cortex_m/libarch__arm__core__aarch32__cortex_m.a(reset.S.obj)
                0x0000000008002d18                __start
                0x0000000008002d18                z_arm_reset
 .text.z_impl_k_thread_abort
                0x0000000008002d44       0x2c zephyr/arch/arch/arm/core/aarch32/cortex_m/libarch__arm__core__aarch32__cortex_m.a(thread_abort.c.obj)
                0x0000000008002d44                z_impl_k_thread_abort
 .text.__stdout_hook_install
                0x0000000008002d70        0xc zephyr/lib/libc/minimal/liblib__libc__minimal.a(stdout_console.c.obj)
                0x0000000008002d70                __stdout_hook_install
 .text.stm32_exti_isr
                0x0000000008002d7c       0x4c zephyr/drivers/interrupt_controller/libdrivers__interrupt_controller.a(intc_exti_stm32.c.obj)
 .text.stm32_fill_irq_table
                0x0000000008002dc8       0x18 zephyr/drivers/interrupt_controller/libdrivers__interrupt_controller.a(intc_exti_stm32.c.obj)
 .text.stm32_exti_enable
                0x0000000008002de0       0x24 zephyr/drivers/interrupt_controller/libdrivers__interrupt_controller.a(intc_exti_stm32.c.obj)
                0x0000000008002de0                stm32_exti_enable
 .text.stm32_exti_disable
                0x0000000008002e04       0x18 zephyr/drivers/interrupt_controller/libdrivers__interrupt_controller.a(intc_exti_stm32.c.obj)
                0x0000000008002e04                stm32_exti_disable
 .text.stm32_exti_trigger
                0x0000000008002e1c       0x60 zephyr/drivers/interrupt_controller/libdrivers__interrupt_controller.a(intc_exti_stm32.c.obj)
                0x0000000008002e1c                stm32_exti_trigger
 .text.stm32_exti_set_callback
                0x0000000008002e7c       0x30 zephyr/drivers/interrupt_controller/libdrivers__interrupt_controller.a(intc_exti_stm32.c.obj)
                0x0000000008002e7c                stm32_exti_set_callback
 .text.stm32_exti_unset_callback
                0x0000000008002eac       0x14 zephyr/drivers/interrupt_controller/libdrivers__interrupt_controller.a(intc_exti_stm32.c.obj)
                0x0000000008002eac                stm32_exti_unset_callback
 .text.stm32_clock_control_get_subsys_rate
                0x0000000008002ec0       0x44 zephyr/drivers/clock_control/libdrivers__clock_control.a(clock_stm32_ll_common.c.obj)
 .text.stm32_clock_control_init
                0x0000000008002f04       0xe8 zephyr/drivers/clock_control/libdrivers__clock_control.a(clock_stm32_ll_common.c.obj)
                0x0000000008002f04                stm32_clock_control_init
 .text.config_pll_sysclock
                0x0000000008002fec       0x1c zephyr/drivers/clock_control/libdrivers__clock_control.a(clock_stm32f1.c.obj)
                0x0000000008002fec                config_pll_sysclock
 .text.rtt_console_init
                0x0000000008003008       0x18 zephyr/drivers/console/libdrivers__console.a(rtt_console.c.obj)
 .text.rtt_console_out
                0x0000000008003020       0x54 zephyr/drivers/console/libdrivers__console.a(rtt_console.c.obj)
 .text.gpio_stm32_init
                0x0000000008003074       0x30 zephyr/drivers/gpio/libdrivers__gpio.a(gpio_stm32.c.obj)
 .text.gpio_stm32_pin_interrupt_configure
                0x00000000080030a4       0xe0 zephyr/drivers/gpio/libdrivers__gpio.a(gpio_stm32.c.obj)
 .text.stm32_i2c_generate_start_condition
                0x0000000008003184       0x5c zephyr/drivers/i2c/libdrivers__i2c.a(i2c_ll_stm32_v1.c.obj)
 .text.msg_end  0x00000000080031e0      0x104 zephyr/drivers/i2c/libdrivers__i2c.a(i2c_ll_stm32_v1.c.obj)
 .text.stm32_i2c_configure_timing
                0x00000000080032e4       0xa8 zephyr/drivers/i2c/libdrivers__i2c.a(i2c_ll_stm32_v1.c.obj)
                0x00000000080032e4                stm32_i2c_configure_timing
 .text.stm32_i2c_transaction
                0x000000000800338c       0xd8 zephyr/drivers/i2c/libdrivers__i2c.a(i2c_ll_stm32_v1.c.obj)
                0x000000000800338c                stm32_i2c_transaction
 .text.i2c_stm32_runtime_configure
                0x0000000008003464       0x84 zephyr/drivers/i2c/libdrivers__i2c.a(i2c_ll_stm32.c.obj)
                0x0000000008003464                i2c_stm32_runtime_configure
 .text.i2c_stm32_init
                0x00000000080034e8      0x18c zephyr/drivers/i2c/libdrivers__i2c.a(i2c_ll_stm32.c.obj)
 .text.pinctrl_configure_pins
                0x0000000008003674       0xf4 zephyr/drivers/pinctrl/libdrivers__pinctrl.a(pinctrl_stm32.c.obj)
                0x0000000008003674                pinctrl_configure_pins
 .text.elapsed  0x0000000008003768       0x3c zephyr/drivers/timer/libdrivers__timer.a(cortex_m_systick.c.obj)
 .text.sys_clock_driver_init
                0x00000000080037a4       0x34 zephyr/drivers/timer/libdrivers__timer.a(cortex_m_systick.c.obj)
 .text.sys_clock_isr
                0x00000000080037d8       0x54 zephyr/drivers/timer/libdrivers__timer.a(cortex_m_systick.c.obj)
                0x00000000080037d8                sys_clock_isr
 .text.sys_clock_set_timeout
                0x000000000800382c       0xf4 zephyr/drivers/timer/libdrivers__timer.a(cortex_m_systick.c.obj)
                0x000000000800382c                sys_clock_set_timeout
 .text.sys_clock_elapsed
                0x0000000008003920       0x3c zephyr/drivers/timer/libdrivers__timer.a(cortex_m_systick.c.obj)
                0x0000000008003920                sys_clock_elapsed
 .text.sys_clock_cycle_get_32
                0x000000000800395c       0x2c zephyr/drivers/timer/libdrivers__timer.a(cortex_m_systick.c.obj)
                0x000000000800395c                sys_clock_cycle_get_32
 .text.HAL_RCC_GetSysClockFreq
                0x0000000008003988       0x74 modules/stm32/stm32cube/lib..__modules__hal__stm32__stm32cube.a(stm32f1xx_hal_rcc.c.obj)
                0x0000000008003988                HAL_RCC_GetSysClockFreq
 .text.LL_SetFlashLatency
                0x00000000080039fc       0x4c modules/stm32/stm32cube/lib..__modules__hal__stm32__stm32cube.a(stm32f1xx_ll_utils.c.obj)
                0x00000000080039fc                LL_SetFlashLatency
 .text._DoInit  0x0000000008003a48       0x60 modules/segger/libmodules__segger.a(SEGGER_RTT.c.obj)
 .text.SEGGER_RTT_WriteSkipNoLock
                0x0000000008003aa8       0x88 modules/segger/libmodules__segger.a(SEGGER_RTT.c.obj)
                0x0000000008003aa8                SEGGER_RTT_WriteSkipNoLock
 .text.SEGGER_RTT_WriteNoLock
                0x0000000008003b30       0x58 modules/segger/libmodules__segger.a(SEGGER_RTT.c.obj)
                0x0000000008003b30                SEGGER_RTT_WriteNoLock
 .text.SEGGER_RTT_HasDataUp
                0x0000000008003b88       0x14 modules/segger/libmodules__segger.a(SEGGER_RTT.c.obj)
                0x0000000008003b88                SEGGER_RTT_HasDataUp
 .text.zephyr_rtt_mutex_lock
                0x0000000008003b9c       0x14 modules/segger/libmodules__segger.a(SEGGER_RTT_zephyr.c.obj)
                0x0000000008003b9c                zephyr_rtt_mutex_lock
 .text.zephyr_rtt_mutex_unlock
                0x0000000008003bb0        0xc modules/segger/libmodules__segger.a(SEGGER_RTT_zephyr.c.obj)
                0x0000000008003bb0                zephyr_rtt_mutex_unlock
 .text.set_time_trong_filec
                0x0000000008003bbc       0x58 modules/drivers_ds3231/ds3231_driver/lib..__..__driver_i2c__drivers_ds3231__ds3231_driver.a(ds3231.c.obj)
 .text.ds3231_driver_init
                0x0000000008003c14       0x1c modules/drivers_ds3231/ds3231_driver/lib..__..__driver_i2c__drivers_ds3231__ds3231_driver.a(ds3231.c.obj)
 .text.get_time_trong_filec
                0x0000000008003c30       0x44 modules/drivers_ds3231/ds3231_driver/lib..__..__driver_i2c__drivers_ds3231__ds3231_driver.a(ds3231.c.obj)
 .text.z_impl_k_busy_wait
                0x0000000008003c74       0x30 zephyr/kernel/libkernel.a(busy_wait.c.obj)
                0x0000000008003c74                z_impl_k_busy_wait
 .text.k_sys_fatal_error_handler
                0x0000000008003ca4       0x30 zephyr/kernel/libkernel.a(fatal.c.obj)
                0x0000000008003ca4                k_sys_fatal_error_handler
 .text.z_fatal_error
                0x0000000008003cd4       0xfc zephyr/kernel/libkernel.a(fatal.c.obj)
                0x0000000008003cd4                z_fatal_error
 .text.z_sys_init_run_level
                0x0000000008003dd0       0x48 zephyr/kernel/libkernel.a(init.c.obj)
 .text.bg_thread_main
                0x0000000008003e18       0x34 zephyr/kernel/libkernel.a(init.c.obj)
 .text.z_bss_zero
                0x0000000008003e4c       0x18 zephyr/kernel/libkernel.a(init.c.obj)
                0x0000000008003e4c                z_bss_zero
 .text.z_init_cpu
                0x0000000008003e64       0x84 zephyr/kernel/libkernel.a(init.c.obj)
                0x0000000008003e64                z_init_cpu
 .text.z_cstart
                0x0000000008003ee8       0xd0 zephyr/kernel/libkernel.a(init.c.obj)
                0x0000000008003ee8                z_cstart
 .text.z_setup_new_thread
                0x0000000008003fb8       0x54 zephyr/kernel/libkernel.a(thread.c.obj)
                0x0000000008003fb8                z_setup_new_thread
 .text.z_impl_k_thread_create
                0x000000000800400c       0x58 zephyr/kernel/libkernel.a(thread.c.obj)
                0x000000000800400c                z_impl_k_thread_create
 .text.z_init_static_threads
                0x0000000008004064       0x98 zephyr/kernel/libkernel.a(thread.c.obj)
                0x0000000008004064                z_init_static_threads
 .text.z_impl_k_mutex_lock
                0x00000000080040fc       0xf4 zephyr/kernel/libkernel.a(mutex.c.obj)
                0x00000000080040fc                z_impl_k_mutex_lock
 .text.z_impl_k_mutex_unlock
                0x00000000080041f0       0x78 zephyr/kernel/libkernel.a(mutex.c.obj)
                0x00000000080041f0                z_impl_k_mutex_unlock
 .text.z_impl_k_sem_give
                0x0000000008004268       0x48 zephyr/kernel/libkernel.a(sem.c.obj)
                0x0000000008004268                z_impl_k_sem_give
 .text.z_impl_k_sem_take
                0x00000000080042b0       0x50 zephyr/kernel/libkernel.a(sem.c.obj)
                0x00000000080042b0                z_impl_k_sem_take
 .text.z_impl_k_sem_reset
                0x0000000008004300       0x3c zephyr/kernel/libkernel.a(sem.c.obj)
                0x0000000008004300                z_impl_k_sem_reset
 .text.sliceable
                0x000000000800433c       0x3c zephyr/kernel/libkernel.a(sched.c.obj)
 .text.slice_timeout
                0x0000000008004378       0x20 zephyr/kernel/libkernel.a(sched.c.obj)
 .text.z_reset_time_slice
                0x0000000008004398       0x50 zephyr/kernel/libkernel.a(sched.c.obj)
                0x0000000008004398                z_reset_time_slice
 .text.update_cache
                0x00000000080043e8       0x3c zephyr/kernel/libkernel.a(sched.c.obj)
 .text.move_thread_to_end_of_prio_q
                0x0000000008004424       0x74 zephyr/kernel/libkernel.a(sched.c.obj)
 .text.ready_thread
                0x0000000008004498       0x68 zephyr/kernel/libkernel.a(sched.c.obj)
 .text.unready_thread
                0x0000000008004500       0x30 zephyr/kernel/libkernel.a(sched.c.obj)
 .text.pend_locked
                0x0000000008004530       0x30 zephyr/kernel/libkernel.a(sched.c.obj)
 .text.z_time_slice
                0x0000000008004560       0x60 zephyr/kernel/libkernel.a(sched.c.obj)
                0x0000000008004560                z_time_slice
 .text.z_pend_curr
                0x00000000080045c0       0x3c zephyr/kernel/libkernel.a(sched.c.obj)
                0x00000000080045c0                z_pend_curr
 .text.z_set_prio
                0x00000000080045fc       0x8c zephyr/kernel/libkernel.a(sched.c.obj)
                0x00000000080045fc                z_set_prio
 .text.z_reschedule
                0x0000000008004688       0x24 zephyr/kernel/libkernel.a(sched.c.obj)
                0x0000000008004688                z_reschedule
 .text.z_sched_start
                0x00000000080046ac       0x3c zephyr/kernel/libkernel.a(sched.c.obj)
                0x00000000080046ac                z_sched_start
 .text.z_impl_k_thread_suspend
                0x00000000080046e8       0x64 zephyr/kernel/libkernel.a(sched.c.obj)
                0x00000000080046e8                z_impl_k_thread_suspend
 .text.k_sched_lock
                0x000000000800474c       0x28 zephyr/kernel/libkernel.a(sched.c.obj)
                0x000000000800474c                k_sched_lock
 .text.k_sched_unlock
                0x0000000008004774       0x38 zephyr/kernel/libkernel.a(sched.c.obj)
                0x0000000008004774                k_sched_unlock
 .text.z_sched_init
                0x00000000080047ac       0x10 zephyr/kernel/libkernel.a(sched.c.obj)
                0x00000000080047ac                z_sched_init
 .text.z_impl_k_yield
                0x00000000080047bc       0x7c zephyr/kernel/libkernel.a(sched.c.obj)
                0x00000000080047bc                z_impl_k_yield
 .text.z_tick_sleep
                0x0000000008004838       0x88 zephyr/kernel/libkernel.a(sched.c.obj)
 .text.z_impl_k_sleep
                0x00000000080048c0       0x30 zephyr/kernel/libkernel.a(sched.c.obj)
                0x00000000080048c0                z_impl_k_sleep
 .text.z_impl_z_current_get
                0x00000000080048f0        0xc zephyr/kernel/libkernel.a(sched.c.obj)
                0x00000000080048f0                z_impl_z_current_get
 .text.z_thread_abort
                0x00000000080048fc       0xc0 zephyr/kernel/libkernel.a(sched.c.obj)
                0x00000000080048fc                z_thread_abort
 .text.z_data_copy
                0x00000000080049bc       0x34 zephyr/kernel/libkernel.a(xip.c.obj)
                0x00000000080049bc                z_data_copy
 .text.elapsed  0x00000000080049f0       0x14 zephyr/kernel/libkernel.a(timeout.c.obj)
 .text.next_timeout
                0x0000000008004a04       0x40 zephyr/kernel/libkernel.a(timeout.c.obj)
 .text.remove_timeout
                0x0000000008004a44       0x38 zephyr/kernel/libkernel.a(timeout.c.obj)
 .text.z_add_timeout
                0x0000000008004a7c       0xec zephyr/kernel/libkernel.a(timeout.c.obj)
                0x0000000008004a7c                z_add_timeout
 .text.sys_clock_announce
                0x0000000008004b68       0xd4 zephyr/kernel/libkernel.a(timeout.c.obj)
                0x0000000008004b68                sys_clock_announce
 .text.sys_clock_tick_get
                0x0000000008004c3c       0x34 zephyr/kernel/libkernel.a(timeout.c.obj)
                0x0000000008004c3c                sys_clock_tick_get
 .text.z_timer_expiration_handler
                0x0000000008004c70       0xe4 zephyr/kernel/libkernel.a(timer.c.obj)
                0x0000000008004c70                z_timer_expiration_handler
 .text.z_impl_k_timer_start
                0x0000000008004d54       0x60 zephyr/kernel/libkernel.a(timer.c.obj)
                0x0000000008004d54                z_impl_k_timer_start
 .text.boot_banner
                0x0000000008004db4        0xc zephyr/kernel/libkernel.a(banner.c.obj)
                0x0000000008004db4                boot_banner
 .text._OffsetAbsSyms
                0x0000000008004dc0        0x2 zephyr/CMakeFiles/offsets.dir/./arch/arm/core/offsets/offsets.c.obj
                0x0000000008004dc0                _OffsetAbsSyms
 .text.bcdToDec
                0x0000000008004dc2        0xe app/libapp.a(main.c.obj)
                0x0000000008004dc2                bcdToDec
 .text.cbpprintf_external
                0x0000000008004dd0       0x62 zephyr/libzephyr.a(cbprintf_packaged.c.obj)
                0x0000000008004dd0                cbpprintf_external
 .text.is_ptr   0x0000000008004e32       0x4a zephyr/libzephyr.a(cbprintf_packaged.c.obj)
                0x0000000008004e32                is_ptr
 .text.arch_printk_char_out
                0x0000000008004e7c        0x4 zephyr/libzephyr.a(printk.c.obj)
                0x0000000008004e7c                arch_printk_char_out
 .text.str_out  0x0000000008004e80       0x26 zephyr/libzephyr.a(printk.c.obj)
 .text.printk   0x0000000008004ea6       0x1a zephyr/libzephyr.a(printk.c.obj)
                0x0000000008004ea6                printk
 .text.snprintk
                0x0000000008004ec0       0x1a zephyr/libzephyr.a(printk.c.obj)
                0x0000000008004ec0                snprintk
 .text.z_thread_entry
                0x0000000008004eda       0x14 zephyr/libzephyr.a(thread_entry.c.obj)
                0x0000000008004eda                z_thread_entry
 .text._ldiv5   0x0000000008004eee       0x30 zephyr/libzephyr.a(cbprintf_complete.c.obj)
 .text._get_digit
                0x0000000008004f1e       0x2e zephyr/libzephyr.a(cbprintf_complete.c.obj)
 .text.encode_uint
                0x0000000008004f4c       0x8c zephyr/libzephyr.a(cbprintf_complete.c.obj)
 .text.outs     0x0000000008004fd8       0x2e zephyr/libzephyr.a(cbprintf_complete.c.obj)
 .text.free_space
                0x0000000008005006       0x26 zephyr/libzephyr.a(mpsc_pbuf.c.obj)
 .text.get_usage
                0x000000000800502c       0x22 zephyr/libzephyr.a(mpsc_pbuf.c.obj)
 .text.idx_inc  0x000000000800504e       0x1c zephyr/libzephyr.a(mpsc_pbuf.c.obj)
 .text.rd_idx_inc
                0x000000000800506a       0x18 zephyr/libzephyr.a(mpsc_pbuf.c.obj)
 .text.add_skip_item
                0x0000000008005082       0x3e zephyr/libzephyr.a(mpsc_pbuf.c.obj)
 .text.drop_item_locked
                0x00000000080050c0       0xee zephyr/libzephyr.a(mpsc_pbuf.c.obj)
 .text.post_drop_action
                0x00000000080051ae       0x36 zephyr/libzephyr.a(mpsc_pbuf.c.obj)
 .text.max_utilization_update
                0x00000000080051e4       0x1a zephyr/libzephyr.a(mpsc_pbuf.c.obj)
 .text.mpsc_pbuf_init
                0x00000000080051fe       0x42 zephyr/libzephyr.a(mpsc_pbuf.c.obj)
                0x00000000080051fe                mpsc_pbuf_init
 .text.mpsc_pbuf_alloc
                0x0000000008005240       0xfc zephyr/libzephyr.a(mpsc_pbuf.c.obj)
                0x0000000008005240                mpsc_pbuf_alloc
 .text.mpsc_pbuf_commit
                0x000000000800533c       0x40 zephyr/libzephyr.a(mpsc_pbuf.c.obj)
                0x000000000800533c                mpsc_pbuf_commit
 .text.mpsc_pbuf_claim
                0x000000000800537c       0xa4 zephyr/libzephyr.a(mpsc_pbuf.c.obj)
                0x000000000800537c                mpsc_pbuf_claim
 .text.mpsc_pbuf_free
                0x0000000008005420       0x78 zephyr/libzephyr.a(mpsc_pbuf.c.obj)
                0x0000000008005420                mpsc_pbuf_free
 .text.mpsc_pbuf_is_pending
                0x0000000008005498       0x1a zephyr/libzephyr.a(mpsc_pbuf.c.obj)
                0x0000000008005498                mpsc_pbuf_is_pending
 .text._ConfigAbsSyms
                0x00000000080054b2        0x2 zephyr/libzephyr.a(configs.c.obj)
                0x00000000080054b2                _ConfigAbsSyms
 .text.log_msg_generic_get_wlen
                0x00000000080054b4       0x20 zephyr/libzephyr.a(log_core.c.obj)
 .text.dummy_timestamp
                0x00000000080054d4        0x4 zephyr/libzephyr.a(log_core.c.obj)
 .text.atomic_inc
                0x00000000080054d8       0x1a zephyr/libzephyr.a(log_core.c.obj)
 .text.default_lf_get_timestamp
                0x00000000080054f2       0x10 zephyr/libzephyr.a(log_core.c.obj)
 .text.z_log_vprintk
                0x0000000008005502       0x1c zephyr/libzephyr.a(log_core.c.obj)
                0x0000000008005502                z_log_vprintk
 .text.z_log_notify_drop
                0x000000000800551e        0x6 zephyr/libzephyr.a(log_core.c.obj)
 .text.z_log_get_tag
                0x0000000008005524        0x4 zephyr/libzephyr.a(log_core.c.obj)
                0x0000000008005524                z_log_get_tag
 .text.z_cbprintf_cpy
                0x0000000008005528       0x2c zephyr/libzephyr.a(log_msg.c.obj)
 .text.z_log_msg_finalize
                0x0000000008005554       0x32 zephyr/libzephyr.a(log_msg.c.obj)
                0x0000000008005554                z_log_msg_finalize
 .text.buffer_write
                0x0000000008005586       0x1a zephyr/libzephyr.a(log_output.c.obj)
 .text.cbvprintf
                0x00000000080055a0        0xe zephyr/libzephyr.a(log_output.c.obj)
 .text.log_output_flush
                0x00000000080055ae       0x18 zephyr/libzephyr.a(log_output.c.obj)
                0x00000000080055ae                log_output_flush
 .text.out_func
                0x00000000080055c6       0x36 zephyr/libzephyr.a(log_output.c.obj)
 .text.cr_out_func
                0x00000000080055fc       0x1c zephyr/libzephyr.a(log_output.c.obj)
 .text.z_do_kernel_oops
                0x0000000008005618        0x8 zephyr/arch/arch/arm/core/aarch32/libarch__arm__core__aarch32.a(fatal.c.obj)
                0x0000000008005618                z_do_kernel_oops
 .text.z_irq_spurious
                0x0000000008005620        0x8 zephyr/arch/arch/arm/core/aarch32/libarch__arm__core__aarch32.a(irq_manage.c.obj)
                0x0000000008005620                z_irq_spurious
 .text.z_arm_nmi
                0x0000000008005628        0xe zephyr/arch/arch/arm/core/aarch32/libarch__arm__core__aarch32.a(nmi.c.obj)
                0x0000000008005628                z_arm_nmi
 .text.z_log_msg_static_create.constprop.0
                0x0000000008005636        0x6 zephyr/arch/arch/arm/core/aarch32/cortex_m/libarch__arm__core__aarch32__cortex_m.a(fault.c.obj)
 .text.strlen   0x000000000800563c        0xe zephyr/lib/libc/minimal/liblib__libc__minimal.a(string.c.obj)
                0x000000000800563c                strlen
 .text.memcpy   0x000000000800564a       0x16 zephyr/lib/libc/minimal/liblib__libc__minimal.a(string.c.obj)
                0x000000000800564a                memcpy
 .text.memset   0x0000000008005660       0x12 zephyr/lib/libc/minimal/liblib__libc__minimal.a(string.c.obj)
                0x0000000008005660                memset
 .text._stdout_hook_default
                0x0000000008005672        0x6 zephyr/lib/libc/minimal/liblib__libc__minimal.a(stdout_console.c.obj)
 .text.strnlen  0x0000000008005678       0x12 zephyr/lib/libc/common/liblib__libc__common.a(strnlen.c.obj)
                0x0000000008005678                strnlen
 .text.stm32_exti_init
                0x000000000800568a       0x92 zephyr/drivers/interrupt_controller/libdrivers__interrupt_controller.a(intc_exti_stm32.c.obj)
 .text.stm32_clock_control_on
                0x000000000800571c       0x24 zephyr/drivers/clock_control/libdrivers__clock_control.a(clock_stm32_ll_common.c.obj)
 .text.stm32_clock_control_off
                0x0000000008005740       0x24 zephyr/drivers/clock_control/libdrivers__clock_control.a(clock_stm32_ll_common.c.obj)
 .text.stm32_clock_control_get_status
                0x0000000008005764       0x2e zephyr/drivers/clock_control/libdrivers__clock_control.a(clock_stm32_ll_common.c.obj)
 .text.stm32_clock_control_configure
                0x0000000008005792       0x56 zephyr/drivers/clock_control/libdrivers__clock_control.a(clock_stm32_ll_common.c.obj)
 .text.config_enable_default_clocks
                0x00000000080057e8        0x2 zephyr/drivers/clock_control/libdrivers__clock_control.a(clock_stm32f1.c.obj)
                0x00000000080057e8                config_enable_default_clocks
 .text.gpio_stm32_port_get_raw
                0x00000000080057ea        0xc zephyr/drivers/gpio/libdrivers__gpio.a(gpio_stm32.c.obj)
 .text.gpio_stm32_port_set_masked_raw
                0x00000000080057f6       0x12 zephyr/drivers/gpio/libdrivers__gpio.a(gpio_stm32.c.obj)
 .text.gpio_stm32_port_set_bits_raw
                0x0000000008005808        0xa zephyr/drivers/gpio/libdrivers__gpio.a(gpio_stm32.c.obj)
 .text.gpio_stm32_port_clear_bits_raw
                0x0000000008005812        0xa zephyr/drivers/gpio/libdrivers__gpio.a(gpio_stm32.c.obj)
 .text.gpio_stm32_port_toggle_bits
                0x000000000800581c        0xe zephyr/drivers/gpio/libdrivers__gpio.a(gpio_stm32.c.obj)
 .text.gpio_stm32_manage_callback
                0x000000000800582a       0x52 zephyr/drivers/gpio/libdrivers__gpio.a(gpio_stm32.c.obj)
 .text.LL_GPIO_SetPinMode
                0x000000000800587c       0x2c zephyr/drivers/gpio/libdrivers__gpio.a(gpio_stm32.c.obj)
 .text.LL_GPIO_SetPinSpeed
                0x00000000080058a8       0x2c zephyr/drivers/gpio/libdrivers__gpio.a(gpio_stm32.c.obj)
 .text.LL_GPIO_SetPinOutputType
                0x00000000080058d4       0x2c zephyr/drivers/gpio/libdrivers__gpio.a(gpio_stm32.c.obj)
 .text.gpio_stm32_isr
                0x0000000008005900       0x2e zephyr/drivers/gpio/libdrivers__gpio.a(gpio_stm32.c.obj)
 .text.gpio_stm32_configure_raw.constprop.0.isra.0
                0x000000000800592e       0xaa zephyr/drivers/gpio/libdrivers__gpio.a(gpio_stm32.c.obj)
 .text.gpio_stm32_config
                0x00000000080059d8       0x72 zephyr/drivers/gpio/libdrivers__gpio.a(gpio_stm32.c.obj)
 .text.gpio_stm32_configure
                0x0000000008005a4a       0x2a zephyr/drivers/gpio/libdrivers__gpio.a(gpio_stm32.c.obj)
                0x0000000008005a4a                gpio_stm32_configure
 .text.LL_I2C_ClearFlag_ADDR
                0x0000000008005a74       0x12 zephyr/drivers/i2c/libdrivers__i2c.a(i2c_ll_stm32_v1.c.obj)
 .text.handle_txe
                0x0000000008005a86       0x4a zephyr/drivers/i2c/libdrivers__i2c.a(i2c_ll_stm32_v1.c.obj)
 .text.stm32_i2c_enable_transfer_interrupts.isra.0
                0x0000000008005ad0       0x1c zephyr/drivers/i2c/libdrivers__i2c.a(i2c_ll_stm32_v1.c.obj)
 .text.stm32_i2c_disable_transfer_interrupts.isra.0
                0x0000000008005aec       0x2c zephyr/drivers/i2c/libdrivers__i2c.a(i2c_ll_stm32_v1.c.obj)
 .text.stm32_i2c_reset
                0x0000000008005b18       0x4e zephyr/drivers/i2c/libdrivers__i2c.a(i2c_ll_stm32_v1.c.obj)
 .text.msg_init.constprop.0
                0x0000000008005b66       0x64 zephyr/drivers/i2c/libdrivers__i2c.a(i2c_ll_stm32_v1.c.obj)
 .text.handle_rxne
                0x0000000008005bca       0x92 zephyr/drivers/i2c/libdrivers__i2c.a(i2c_ll_stm32_v1.c.obj)
 .text.stm32_i2c_event_isr
                0x0000000008005c5c      0x188 zephyr/drivers/i2c/libdrivers__i2c.a(i2c_ll_stm32_v1.c.obj)
                0x0000000008005c5c                stm32_i2c_event_isr
 .text.stm32_i2c_error_isr
                0x0000000008005de4       0x50 zephyr/drivers/i2c/libdrivers__i2c.a(i2c_ll_stm32_v1.c.obj)
                0x0000000008005de4                stm32_i2c_error_isr
 .text.i2c_stm32_irq_config_func_0
                0x0000000008005e34       0x26 zephyr/drivers/i2c/libdrivers__i2c.a(i2c_ll_stm32.c.obj)
 .text.i2c_stm32_transfer
                0x0000000008005e5a       0x94 zephyr/drivers/i2c/libdrivers__i2c.a(i2c_ll_stm32.c.obj)
 .text.pinctrl_lookup_state
                0x0000000008005eee       0x26 zephyr/drivers/pinctrl/libdrivers__pinctrl.a(common.c.obj)
                0x0000000008005eee                pinctrl_lookup_state
 .text._GetAvailWriteSpace
                0x0000000008005f14       0x12 modules/segger/libmodules__segger.a(SEGGER_RTT.c.obj)
 .text._WriteNoCheck
                0x0000000008005f26       0x36 modules/segger/libmodules__segger.a(SEGGER_RTT.c.obj)
 .text._WriteBlocking
                0x0000000008005f5c       0x52 modules/segger/libmodules__segger.a(SEGGER_RTT.c.obj)
 .text.SEGGER_RTT_Init
                0x0000000008005fae        0x4 modules/segger/libmodules__segger.a(SEGGER_RTT.c.obj)
                0x0000000008005fae                SEGGER_RTT_Init
 .text.rtt_init
                0x0000000008005fb2        0xa modules/segger/libmodules__segger.a(SEGGER_RTT_zephyr.c.obj)
 .text.z_device_state_init
                0x0000000008005fbc        0x2 zephyr/kernel/libkernel.a(device.c.obj)
                0x0000000008005fbc                z_device_state_init
 .text.z_device_is_ready
                0x0000000008005fbe       0x16 zephyr/kernel/libkernel.a(device.c.obj)
                0x0000000008005fbe                z_device_is_ready
 .text.arch_system_halt
                0x0000000008005fd4       0x12 zephyr/kernel/libkernel.a(fatal.c.obj)
                0x0000000008005fd4                arch_system_halt
 .text.z_early_memset
                0x0000000008005fe6        0x4 zephyr/kernel/libkernel.a(init.c.obj)
                0x0000000008005fe6                z_early_memset
 .text.z_early_memcpy
                0x0000000008005fea        0x4 zephyr/kernel/libkernel.a(init.c.obj)
                0x0000000008005fea                z_early_memcpy
 .text.k_is_in_isr
                0x0000000008005fee        0xc zephyr/kernel/libkernel.a(thread.c.obj)
                0x0000000008005fee                k_is_in_isr
 .text.z_impl_k_thread_name_set
                0x0000000008005ffa        0x6 zephyr/kernel/libkernel.a(thread.c.obj)
                0x0000000008005ffa                z_impl_k_thread_name_set
 .text.k_thread_name_get
                0x0000000008006000        0x4 zephyr/kernel/libkernel.a(thread.c.obj)
                0x0000000008006000                k_thread_name_get
 .text.idle     0x0000000008006004       0x18 zephyr/kernel/libkernel.a(idle.c.obj)
                0x0000000008006004                idle
 .text.adjust_owner_prio.isra.0
                0x000000000800601c       0x10 zephyr/kernel/libkernel.a(mutex.c.obj)
 .text.z_impl_k_sem_init
                0x000000000800602c       0x18 zephyr/kernel/libkernel.a(sem.c.obj)
                0x000000000800602c                z_impl_k_sem_init
 .text.sys_dlist_remove
                0x0000000008006044       0x10 zephyr/kernel/libkernel.a(sched.c.obj)
 .text.unpend_thread_no_timeout
                0x0000000008006054       0x14 zephyr/kernel/libkernel.a(sched.c.obj)
 .text.add_to_waitq_locked
                0x0000000008006068       0x50 zephyr/kernel/libkernel.a(sched.c.obj)
 .text.z_ready_thread
                0x00000000080060b8       0x20 zephyr/kernel/libkernel.a(sched.c.obj)
                0x00000000080060b8                z_ready_thread
 .text.z_unpend_thread_no_timeout
                0x00000000080060d8       0x24 zephyr/kernel/libkernel.a(sched.c.obj)
                0x00000000080060d8                z_unpend_thread_no_timeout
 .text.z_sched_wake_thread
                0x00000000080060fc       0x44 zephyr/kernel/libkernel.a(sched.c.obj)
                0x00000000080060fc                z_sched_wake_thread
 .text.z_thread_timeout
                0x0000000008006140        0x8 zephyr/kernel/libkernel.a(sched.c.obj)
                0x0000000008006140                z_thread_timeout
 .text.z_unpend1_no_timeout
                0x0000000008006148       0x2e zephyr/kernel/libkernel.a(sched.c.obj)
                0x0000000008006148                z_unpend1_no_timeout
 .text.z_unpend_first_thread
                0x0000000008006176       0x38 zephyr/kernel/libkernel.a(sched.c.obj)
                0x0000000008006176                z_unpend_first_thread
 .text.z_reschedule_irqlock
                0x00000000080061ae       0x18 zephyr/kernel/libkernel.a(sched.c.obj)
                0x00000000080061ae                z_reschedule_irqlock
 .text.z_reschedule_unlocked
                0x00000000080061c6       0x14 zephyr/kernel/libkernel.a(sched.c.obj)
 .text.z_abort_timeout
                0x00000000080061da       0x2c zephyr/kernel/libkernel.a(timeout.c.obj)
                0x00000000080061da                z_abort_timeout
 .text.sys_clock_tick_get_32
                0x0000000008006206        0x8 zephyr/kernel/libkernel.a(timeout.c.obj)
                0x0000000008006206                sys_clock_tick_get_32
 .text.z_impl_k_uptime_ticks
                0x000000000800620e        0x4 zephyr/kernel/libkernel.a(timeout.c.obj)
                0x000000000800620e                z_impl_k_uptime_ticks
 .text.k_timer_init
                0x0000000008006212       0x18 zephyr/kernel/libkernel.a(timer.c.obj)
                0x0000000008006212                k_timer_init
 .text.z_impl_k_timer_stop
                0x000000000800622a       0x3a zephyr/kernel/libkernel.a(timer.c.obj)
                0x000000000800622a                z_impl_k_timer_stop
 *(SORT_BY_ALIGNMENT(.TEXT.*))
 *(SORT_BY_ALIGNMENT(.gnu.linkonce.t.*))
 *(SORT_BY_ALIGNMENT(.glue_7t))
 .glue_7t       0x0000000008006264        0x0 linker stubs
 *(SORT_BY_ALIGNMENT(.glue_7))
 .glue_7        0x0000000008006264        0x0 linker stubs
 *(SORT_BY_ALIGNMENT(.vfp11_veneer))
 .vfp11_veneer  0x0000000008006264        0x0 linker stubs
 *(SORT_BY_ALIGNMENT(.v4_bx))
 .v4_bx         0x0000000008006264        0x0 linker stubs
                0x0000000008006264                . = ALIGN (0x4)
                0x0000000008006264                __text_region_end = .

.ARM.exidx      0x0000000008006264        0x8
                0x0000000008006264                __exidx_start = .
 *(SORT_BY_ALIGNMENT(.ARM.exidx*) SORT_BY_ALIGNMENT(gnu.linkonce.armexidx.*))
 .ARM.exidx     0x0000000008006264        0x8 d:/desktop/source/zephyr-sdk-0.16.1/arm-zephyr-eabi/bin/../lib/gcc/arm-zephyr-eabi/12.2.0/thumb/v7-m/nofp\libgcc.a(_udivmoddi4.o)
                0x000000000800626c                __exidx_end = .
                0x000000000800626c                __rodata_region_start = .

initlevel       0x000000000800626c       0x78
                0x000000000800626c                __init_start = .
                0x000000000800626c                __init_EARLY_start = .
 *(SORT_BY_NAME(SORT_BY_ALIGNMENT(.z_init_EARLY?_*)))
 *(SORT_BY_NAME(SORT_BY_ALIGNMENT(.z_init_EARLY??_*)))
                0x000000000800626c                __init_PRE_KERNEL_1_start = .
 *(SORT_BY_NAME(SORT_BY_ALIGNMENT(.z_init_PRE_KERNEL_1?_*)))
 .z_init_PRE_KERNEL_10_0_
                0x000000000800626c        0x8 zephyr/libzephyr.a(soc.c.obj)
 .z_init_PRE_KERNEL_11_00008_
                0x0000000008006274        0x8 zephyr/drivers/clock_control/libdrivers__clock_control.a(clock_stm32_ll_common.c.obj)
 .z_init_PRE_KERNEL_11_0_
                0x000000000800627c        0x8 zephyr/libzephyr.a(soc_config.c.obj)
 *(SORT_BY_NAME(SORT_BY_ALIGNMENT(.z_init_PRE_KERNEL_1??_*)))
 .z_init_PRE_KERNEL_130_0_
                0x0000000008006284        0x8 modules/segger/libmodules__segger.a(SEGGER_RTT_zephyr.c.obj)
 .z_init_PRE_KERNEL_140_00014_
                0x000000000800628c        0x8 zephyr/drivers/gpio/libdrivers__gpio.a(gpio_stm32.c.obj)
 .z_init_PRE_KERNEL_140_00022_
                0x0000000008006294        0x8 zephyr/drivers/gpio/libdrivers__gpio.a(gpio_stm32.c.obj)
 .z_init_PRE_KERNEL_140_00027_
                0x000000000800629c        0x8 zephyr/drivers/interrupt_controller/libdrivers__interrupt_controller.a(intc_exti_stm32.c.obj)
 .z_init_PRE_KERNEL_140_00046_
                0x00000000080062a4        0x8 zephyr/drivers/gpio/libdrivers__gpio.a(gpio_stm32.c.obj)
 .z_init_PRE_KERNEL_140_00047_
                0x00000000080062ac        0x8 zephyr/drivers/gpio/libdrivers__gpio.a(gpio_stm32.c.obj)
 .z_init_PRE_KERNEL_140_00048_
                0x00000000080062b4        0x8 zephyr/drivers/gpio/libdrivers__gpio.a(gpio_stm32.c.obj)
 .z_init_PRE_KERNEL_140_0_
                0x00000000080062bc        0x8 zephyr/drivers/console/libdrivers__console.a(rtt_console.c.obj)
                0x00000000080062c4                __init_PRE_KERNEL_2_start = .
 *(SORT_BY_NAME(SORT_BY_ALIGNMENT(.z_init_PRE_KERNEL_2?_*)))
 .z_init_PRE_KERNEL_20_0_
                0x00000000080062c4        0x8 zephyr/drivers/timer/libdrivers__timer.a(cortex_m_systick.c.obj)
 *(SORT_BY_NAME(SORT_BY_ALIGNMENT(.z_init_PRE_KERNEL_2??_*)))
                0x00000000080062cc                __init_POST_KERNEL_start = .
 *(SORT_BY_NAME(SORT_BY_ALIGNMENT(.z_init_POST_KERNEL?_*)))
 .z_init_POST_KERNEL0_0_
                0x00000000080062cc        0x8 zephyr/libzephyr.a(log_core.c.obj)
 *(SORT_BY_NAME(SORT_BY_ALIGNMENT(.z_init_POST_KERNEL??_*)))
 .z_init_POST_KERNEL50_00044_
                0x00000000080062d4        0x8 zephyr/drivers/i2c/libdrivers__i2c.a(i2c_ll_stm32.c.obj)
 .z_init_POST_KERNEL99_00045_
                0x00000000080062dc        0x8 modules/drivers_ds3231/ds3231_driver/lib..__..__driver_i2c__drivers_ds3231__ds3231_driver.a(ds3231.c.obj)
                0x00000000080062e4                __init_APPLICATION_start = .
 *(SORT_BY_NAME(SORT_BY_ALIGNMENT(.z_init_APPLICATION?_*)))
 *(SORT_BY_NAME(SORT_BY_ALIGNMENT(.z_init_APPLICATION??_*)))
                0x00000000080062e4                __init_SMP_start = .
 *(SORT_BY_NAME(SORT_BY_ALIGNMENT(.z_init_SMP?_*)))
 *(SORT_BY_NAME(SORT_BY_ALIGNMENT(.z_init_SMP??_*)))
                0x00000000080062e4                __init_end = .

device_area     0x00000000080062e4       0xb4
                0x00000000080062e4                _device_list_start = .
 *(SORT_BY_NAME(SORT_BY_ALIGNMENT(._device.static.*_?_*)))
 ._device.static.1_1_
                0x00000000080062e4       0x14 zephyr/drivers/clock_control/libdrivers__clock_control.a(clock_stm32_ll_common.c.obj)
                0x00000000080062e4                __device_dts_ord_8
 *(SORT_BY_NAME(SORT_BY_ALIGNMENT(._device.static.*_??_*)))
 ._device.static.1_40_
                0x00000000080062f8       0x14 zephyr/drivers/interrupt_controller/libdrivers__interrupt_controller.a(intc_exti_stm32.c.obj)
                0x00000000080062f8                __device_dts_ord_27
 ._device.static.1_40_
                0x000000000800630c       0x64 zephyr/drivers/gpio/libdrivers__gpio.a(gpio_stm32.c.obj)
                0x000000000800630c                __device_dts_ord_48
                0x0000000008006320                __device_dts_ord_47
                0x0000000008006334                __device_dts_ord_22
                0x0000000008006348                __device_dts_ord_46
                0x000000000800635c                __device_dts_ord_14
 ._device.static.3_50_
                0x0000000008006370       0x14 zephyr/drivers/i2c/libdrivers__i2c.a(i2c_ll_stm32.c.obj)
                0x0000000008006370                __device_dts_ord_44
 ._device.static.3_99_
                0x0000000008006384       0x14 modules/drivers_ds3231/ds3231_driver/lib..__..__driver_i2c__drivers_ds3231__ds3231_driver.a(ds3231.c.obj)
                0x0000000008006384                __device_dts_ord_45
                0x0000000008006398                _device_list_end = .

sw_isr_table    0x0000000008006398      0x1e0
                0x0000000008006398                . = ALIGN (0x4)
 *(SORT_BY_ALIGNMENT(.gnu.linkonce.sw_isr_table*))
 .gnu.linkonce.sw_isr_table
                0x0000000008006398      0x1e0 zephyr/arch/common/libisr_tables.a(isr_tables.c.obj)
                0x0000000008006398                _sw_isr_table

initlevel_error
                0x000000000800626c        0x0
 *(SORT_BY_NAME(SORT_BY_ALIGNMENT(.z_init_[_A-Z0-9]*)))
                0x0000000000000001                ASSERT ((SIZEOF (initlevel_error) == 0x0), Undefined initialization levels used.)

app_shmem_regions
                0x0000000008006578        0x0
                0x0000000008006578                __app_shmem_regions_start = .
 *(SORT_BY_NAME(SORT_BY_ALIGNMENT(.app_regions.*)))
                0x0000000008006578                __app_shmem_regions_end = .

k_p4wq_initparam_area
                0x0000000008006578        0x0
                0x0000000008006578                _k_p4wq_initparam_list_start = .
 *(SORT_BY_NAME(SORT_BY_ALIGNMENT(._k_p4wq_initparam.static.*)))
                0x0000000008006578                _k_p4wq_initparam_list_end = .

_static_thread_data_area
                0x0000000008006578        0x0
                0x0000000008006578                __static_thread_data_list_start = .
 *(SORT_BY_NAME(SORT_BY_ALIGNMENT(.__static_thread_data.static.*)))
                0x0000000008006578                __static_thread_data_list_end = .

device_deps     0x0000000008006578        0x0
                0x0000000008006578                __device_deps_start = .
 *(SORT_BY_NAME(SORT_BY_ALIGNMENT(.__device_deps_pass2*)))
                0x0000000008006578                __device_deps_end = .

ztest           0x0000000008006578        0x0
                0x0000000008006578                _ztest_expected_result_entry_list_start = .
 *(SORT_BY_NAME(SORT_BY_ALIGNMENT(._ztest_expected_result_entry.static.*)))
                0x0000000008006578                _ztest_expected_result_entry_list_end = .
                0x0000000008006578                _ztest_suite_node_list_start = .
 *(SORT_BY_NAME(SORT_BY_ALIGNMENT(._ztest_suite_node.static.*)))
                0x0000000008006578                _ztest_suite_node_list_end = .
                0x0000000008006578                _ztest_unit_test_list_start = .
 *(SORT_BY_NAME(SORT_BY_ALIGNMENT(._ztest_unit_test.static.*)))
                0x0000000008006578                _ztest_unit_test_list_end = .
                0x0000000008006578                _ztest_test_rule_list_start = .
 *(SORT_BY_NAME(SORT_BY_ALIGNMENT(._ztest_test_rule.static.*)))
                0x0000000008006578                _ztest_test_rule_list_end = .

bt_l2cap_fixed_chan_area
                0x0000000008006578        0x0
                0x0000000008006578                _bt_l2cap_fixed_chan_list_start = .
 *(SORT_BY_NAME(SORT_BY_ALIGNMENT(._bt_l2cap_fixed_chan.static.*)))
                0x0000000008006578                _bt_l2cap_fixed_chan_list_end = .

bt_gatt_service_static_area
                0x0000000008006578        0x0
                0x0000000008006578                _bt_gatt_service_static_list_start = .
 *(SORT_BY_NAME(SORT_BY_ALIGNMENT(._bt_gatt_service_static.static.*)))
                0x0000000008006578                _bt_gatt_service_static_list_end = .

log_strings_area
                0x0000000008006578        0x0
                0x0000000008006578                _log_strings_list_start = .
 *(SORT_BY_NAME(SORT_BY_ALIGNMENT(._log_strings.static.*)))
                0x0000000008006578                _log_strings_list_end = .

log_const_area  0x0000000008006578       0x40
                0x0000000008006578                _log_const_list_start = .
 *(SORT_BY_NAME(SORT_BY_ALIGNMENT(._log_const.static.*)))
 ._log_const.static.log_const_cbprintf_package_
                0x0000000008006578        0x8 zephyr/libzephyr.a(cbprintf_packaged.c.obj)
                0x0000000008006578                log_const_cbprintf_package
 ._log_const.static.log_const_i2c1_
                0x0000000008006580        0x8 app/libapp.a(main.c.obj)
                0x0000000008006580                log_const_i2c1
 ._log_const.static.log_const_i2c_
                0x0000000008006588        0x8 zephyr/drivers/i2c/libdrivers__i2c.a(i2c_common.c.obj)
                0x0000000008006588                log_const_i2c
 ._log_const.static.log_const_i2c_ll_stm32_
                0x0000000008006590        0x8 zephyr/drivers/i2c/libdrivers__i2c.a(i2c_ll_stm32.c.obj)
                0x0000000008006590                log_const_i2c_ll_stm32
 ._log_const.static.log_const_i2c_ll_stm32_v1_
                0x0000000008006598        0x8 zephyr/drivers/i2c/libdrivers__i2c.a(i2c_ll_stm32_v1.c.obj)
                0x0000000008006598                log_const_i2c_ll_stm32_v1
 ._log_const.static.log_const_log_
                0x00000000080065a0        0x8 zephyr/libzephyr.a(log_core.c.obj)
                0x00000000080065a0                log_const_log
 ._log_const.static.log_const_log_mgmt_
                0x00000000080065a8        0x8 zephyr/libzephyr.a(log_mgmt.c.obj)
                0x00000000080065a8                log_const_log_mgmt
 ._log_const.static.log_const_os_
                0x00000000080065b0        0x8 zephyr/kernel/libkernel.a(init.c.obj)
                0x00000000080065b0                log_const_os
                0x00000000080065b8                _log_const_list_end = .

log_backend_area
                0x00000000080065b8       0x10
                0x00000000080065b8                _log_backend_list_start = .
 *(SORT_BY_NAME(SORT_BY_ALIGNMENT(._log_backend.static.*)))
 ._log_backend.static.log_backend_rtt_
                0x00000000080065b8       0x10 zephyr/libzephyr.a(log_backend_rtt.c.obj)
                0x00000000080065c8                _log_backend_list_end = .

log_link_area   0x00000000080065c8        0x0
                0x00000000080065c8                _log_link_list_start = .
 *(SORT_BY_NAME(SORT_BY_ALIGNMENT(._log_link.static.*)))
                0x00000000080065c8                _log_link_list_end = .

tracing_backend_area
                0x00000000080065c8        0x0
                0x00000000080065c8                _tracing_backend_list_start = .
 *(SORT_BY_NAME(SORT_BY_ALIGNMENT(._tracing_backend.static.*)))
                0x00000000080065c8                _tracing_backend_list_end = .

zephyr_dbg_info
 *(SORT_BY_ALIGNMENT(.dbg_thread_info))

symbol_to_keep  0x00000000080065c8        0x0
                0x00000000080065c8                __symbol_to_keep_start = .
 *(SORT_BY_NAME(SORT_BY_ALIGNMENT(.symbol_to_keep*)))
                0x00000000080065c8                __symbol_to_keep_end = .

shell_area      0x00000000080065c8        0x0
                0x00000000080065c8                _shell_list_start = .
 *(SORT_BY_NAME(SORT_BY_ALIGNMENT(._shell.static.*)))
                0x00000000080065c8                _shell_list_end = .

shell_root_cmds_area
                0x00000000080065c8        0x0
                0x00000000080065c8                _shell_root_cmds_list_start = .
 *(SORT_BY_NAME(SORT_BY_ALIGNMENT(._shell_root_cmds.static.*)))
                0x00000000080065c8                _shell_root_cmds_list_end = .

shell_subcmds_area
                0x00000000080065c8        0x0
                0x00000000080065c8                _shell_subcmds_list_start = .
 *(SORT_BY_NAME(SORT_BY_ALIGNMENT(._shell_subcmds.static.*)))
                0x00000000080065c8                _shell_subcmds_list_end = .

shell_dynamic_subcmds_area
                0x00000000080065c8        0x0
                0x00000000080065c8                _shell_dynamic_subcmds_list_start = .
 *(SORT_BY_NAME(SORT_BY_ALIGNMENT(._shell_dynamic_subcmds.static.*)))
                0x00000000080065c8                _shell_dynamic_subcmds_list_end = .

cfb_font_area   0x00000000080065c8        0x0
                0x00000000080065c8                _cfb_font_list_start = .
 *(SORT_BY_NAME(SORT_BY_ALIGNMENT(._cfb_font.static.*)))
                0x00000000080065c8                _cfb_font_list_end = .

rodata          0x00000000080065c8      0xae4
 *(SORT_BY_ALIGNMENT(.rodata))
 *(SORT_BY_ALIGNMENT(.rodata.*))
 .rodata.mpsc_config
                0x00000000080065c8       0x14 zephyr/libzephyr.a(log_core.c.obj)
 .rodata.format_table
                0x00000000080065dc       0x10 zephyr/libzephyr.a(log_core.c.obj)
 .rodata.colors
                0x00000000080065ec       0x14 zephyr/libzephyr.a(log_output.c.obj)
 .rodata.severity
                0x0000000008006600       0x14 zephyr/libzephyr.a(log_output.c.obj)
 .rodata.log_backend_rtt_api
                0x0000000008006614       0x1c zephyr/libzephyr.a(log_backend_rtt.c.obj)
                0x0000000008006614                log_backend_rtt_api
 .rodata.log_output_rtt
                0x0000000008006630       0x10 zephyr/libzephyr.a(log_backend_rtt.c.obj)
 .rodata.gpio_stm32_cfg_e
                0x0000000008006640       0x14 zephyr/drivers/gpio/libdrivers__gpio.a(gpio_stm32.c.obj)
 .rodata.gpio_stm32_cfg_d
                0x0000000008006654       0x14 zephyr/drivers/gpio/libdrivers__gpio.a(gpio_stm32.c.obj)
 .rodata.gpio_stm32_cfg_c
                0x0000000008006668       0x14 zephyr/drivers/gpio/libdrivers__gpio.a(gpio_stm32.c.obj)
 .rodata.gpio_stm32_cfg_b
                0x000000000800667c       0x14 zephyr/drivers/gpio/libdrivers__gpio.a(gpio_stm32.c.obj)
 .rodata.gpio_stm32_cfg_a
                0x0000000008006690       0x14 zephyr/drivers/gpio/libdrivers__gpio.a(gpio_stm32.c.obj)
 .rodata.gpio_stm32_driver
                0x00000000080066a4       0x24 zephyr/drivers/gpio/libdrivers__gpio.a(gpio_stm32.c.obj)
 .rodata.i2c_stm32_cfg_0
                0x00000000080066c8       0x18 zephyr/drivers/i2c/libdrivers__i2c.a(i2c_ll_stm32.c.obj)
 .rodata.pclken_0
                0x00000000080066e0        0x8 zephyr/drivers/i2c/libdrivers__i2c.a(i2c_ll_stm32.c.obj)
 .rodata.__pinctrl_dev_config__device_dts_ord_44
                0x00000000080066e8        0x8 zephyr/drivers/i2c/libdrivers__i2c.a(i2c_ll_stm32.c.obj)
 .rodata.__pinctrl_states__device_dts_ord_44
                0x00000000080066f0        0x8 zephyr/drivers/i2c/libdrivers__i2c.a(i2c_ll_stm32.c.obj)
 .rodata.__pinctrl_state_pins_0__device_dts_ord_44
                0x00000000080066f8       0x10 zephyr/drivers/i2c/libdrivers__i2c.a(i2c_ll_stm32.c.obj)
 .rodata.api_funcs
                0x0000000008006708       0x18 zephyr/drivers/i2c/libdrivers__i2c.a(i2c_ll_stm32.c.obj)
 .rodata.gpio_ports
                0x0000000008006720       0x2c zephyr/drivers/pinctrl/libdrivers__pinctrl.a(pinctrl_stm32.c.obj)
 .rodata.sample_ds3231_driver_api
                0x000000000800674c        0x8 modules/drivers_ds3231/ds3231_driver/lib..__..__driver_i2c__drivers_ds3231__ds3231_driver.a(ds3231.c.obj)
 .rodata._k_neg_eagain
                0x0000000008006754        0x4 zephyr/kernel/libkernel.a(errno.c.obj)
                0x0000000008006754                _k_neg_eagain
 .rodata.CSWTCH.479
                0x0000000008006758       0x14 zephyr/kernel/libkernel.a(fatal.c.obj)
 .rodata.levels.0
                0x000000000800676c       0x18 zephyr/kernel/libkernel.a(init.c.obj)
 .rodata.main.str1.1
                0x0000000008006784       0x10 app/libapp.a(main.c.obj)
 .rodata.str1.1
                0x0000000008006794        0x5 app/libapp.a(main.c.obj)
 .rodata.cbprintf_package_convert.str1.1
                0x0000000008006799       0xa3 zephyr/libzephyr.a(cbprintf_packaged.c.obj)
 .rodata.str1.1
                0x000000000800683c       0x11 zephyr/libzephyr.a(cbprintf_packaged.c.obj)
 .rodata.z_cbvprintf_impl.str1.1
                0x000000000800684d        0x6 zephyr/libzephyr.a(cbprintf_complete.c.obj)
 .rodata.enable_logger.str1.1
                0x0000000008006853        0x8 zephyr/libzephyr.a(log_core.c.obj)
 .rodata.str1.1
                0x000000000800685b        0x4 zephyr/libzephyr.a(log_core.c.obj)
 .rodata.str1.1
                0x000000000800685f        0x9 zephyr/libzephyr.a(log_mgmt.c.obj)
 .rodata.z_impl_z_log_msg_static_create.str1.1
                0x0000000008006868       0x3f zephyr/libzephyr.a(log_msg.c.obj)
 .rodata.newline_print.str1.1
                0x00000000080068a7        0x3 zephyr/libzephyr.a(log_output.c.obj)
                                          0x5 (size before relaxing)
 .rodata.log_output_process.str1.1
                0x00000000080068aa       0x4f zephyr/libzephyr.a(log_output.c.obj)
                                         0x51 (size before relaxing)
 .rodata.log_output_dropped_process.str1.1
                0x00000000080068f9       0x4f zephyr/libzephyr.a(log_output.c.obj)
                                          0x3 (size before relaxing)
 .rodata.postfix.0
                0x00000000080068f9       0x1c zephyr/libzephyr.a(log_output.c.obj)
 .rodata.prefix.1
                0x0000000008006915        0xc zephyr/libzephyr.a(log_output.c.obj)
 .rodata.str1.1
                0x0000000008006921       0x20 zephyr/libzephyr.a(log_output.c.obj)
 .rodata.str1.1
                0x0000000008006941       0x10 zephyr/libzephyr.a(log_backend_rtt.c.obj)
 .rodata.z_arm_fatal_error.str1.1
                0x0000000008006951       0x9b zephyr/arch/arch/arm/core/aarch32/libarch__arm__core__aarch32.a(fatal.c.obj)
 .rodata.mem_manage_fault.constprop.0.str1.1
                0x00000000080069ec       0xa9 zephyr/arch/arch/arm/core/aarch32/cortex_m/libarch__arm__core__aarch32__cortex_m.a(fault.c.obj)
 .rodata.bus_fault.constprop.0.str1.1
                0x0000000008006a95       0x88 zephyr/arch/arch/arm/core/aarch32/cortex_m/libarch__arm__core__aarch32__cortex_m.a(fault.c.obj)
 .rodata.usage_fault.constprop.0.str1.1
                0x0000000008006b1d       0xcd zephyr/arch/arch/arm/core/aarch32/cortex_m/libarch__arm__core__aarch32__cortex_m.a(fault.c.obj)
 .rodata.z_arm_fault.str1.1
                0x0000000008006bea      0x111 zephyr/arch/arch/arm/core/aarch32/cortex_m/libarch__arm__core__aarch32__cortex_m.a(fault.c.obj)
 .rodata.line_range_6.0
                0x0000000008006cfb        0x2 zephyr/drivers/interrupt_controller/libdrivers__interrupt_controller.a(intc_exti_stm32.c.obj)
 .rodata.line_range_5.1
                0x0000000008006cfd        0x2 zephyr/drivers/interrupt_controller/libdrivers__interrupt_controller.a(intc_exti_stm32.c.obj)
 .rodata.line_range_4.2
                0x0000000008006cff        0x2 zephyr/drivers/interrupt_controller/libdrivers__interrupt_controller.a(intc_exti_stm32.c.obj)
 .rodata.line_range_3.3
                0x0000000008006d01        0x2 zephyr/drivers/interrupt_controller/libdrivers__interrupt_controller.a(intc_exti_stm32.c.obj)
 .rodata.line_range_2.4
                0x0000000008006d03        0x2 zephyr/drivers/interrupt_controller/libdrivers__interrupt_controller.a(intc_exti_stm32.c.obj)
 .rodata.line_range_1.5
                0x0000000008006d05        0x2 zephyr/drivers/interrupt_controller/libdrivers__interrupt_controller.a(intc_exti_stm32.c.obj)
 .rodata.line_range_0.6
                0x0000000008006d07        0x2 zephyr/drivers/interrupt_controller/libdrivers__interrupt_controller.a(intc_exti_stm32.c.obj)
 .rodata.str1.1
                0x0000000008006d09       0x1e zephyr/drivers/interrupt_controller/libdrivers__interrupt_controller.a(intc_exti_stm32.c.obj)
 .rodata.str1.1
                0x0000000008006d27        0xd zephyr/drivers/clock_control/libdrivers__clock_control.a(clock_stm32_ll_common.c.obj)
 .rodata.str1.1
                0x0000000008006d34       0x46 zephyr/drivers/gpio/libdrivers__gpio.a(gpio_stm32.c.obj)
 .rodata.str1.1
                0x0000000008006d7a        0x4 zephyr/drivers/i2c/libdrivers__i2c.a(i2c_common.c.obj)
 .rodata.stm32_i2c_generate_start_condition.str1.1
                0x0000000008006d7e       0x21 zephyr/drivers/i2c/libdrivers__i2c.a(i2c_ll_stm32_v1.c.obj)
 .rodata.msg_end.str1.1
                0x0000000008006d9f       0x2c zephyr/drivers/i2c/libdrivers__i2c.a(i2c_ll_stm32_v1.c.obj)
 .rodata.stm32_i2c_transaction.str1.1
                0x0000000008006dcb       0x2b zephyr/drivers/i2c/libdrivers__i2c.a(i2c_ll_stm32_v1.c.obj)
 .rodata.__func__.0
                0x0000000008006df6       0x13 zephyr/drivers/i2c/libdrivers__i2c.a(i2c_ll_stm32_v1.c.obj)
 .rodata.__func__.1
                0x0000000008006e09        0x8 zephyr/drivers/i2c/libdrivers__i2c.a(i2c_ll_stm32_v1.c.obj)
 .rodata.__func__.2
                0x0000000008006e11       0x14 zephyr/drivers/i2c/libdrivers__i2c.a(i2c_ll_stm32_v1.c.obj)
 .rodata.__func__.3
                0x0000000008006e25       0x23 zephyr/drivers/i2c/libdrivers__i2c.a(i2c_ll_stm32_v1.c.obj)
 .rodata.str1.1
                0x0000000008006e48       0x10 zephyr/drivers/i2c/libdrivers__i2c.a(i2c_ll_stm32_v1.c.obj)
 .rodata.i2c_stm32_runtime_configure.str1.1
                0x0000000008006e58       0x2e zephyr/drivers/i2c/libdrivers__i2c.a(i2c_ll_stm32.c.obj)
 .rodata.i2c_stm32_init.str1.1
                0x0000000008006e86       0x8e zephyr/drivers/i2c/libdrivers__i2c.a(i2c_ll_stm32.c.obj)
 .rodata.str1.1
                0x0000000008006f14       0x1a zephyr/drivers/i2c/libdrivers__i2c.a(i2c_ll_stm32.c.obj)
 .rodata.AHBPrescTable
                0x0000000008006f2e       0x10 modules/stm32/stm32cube/lib..__modules__hal__stm32__stm32cube.a(system_stm32f1xx.c.obj)
                0x0000000008006f2e                AHBPrescTable
 .rodata.HAL_RCC_GetSysClockFreq.str1.1
                0x0000000008006f3e       0x11 modules/stm32/stm32cube/lib..__modules__hal__stm32__stm32cube.a(stm32f1xx_hal_rcc.c.obj)
 .rodata._DoInit.str1.1
                0x0000000008006f4f        0x9 modules/segger/libmodules__segger.a(SEGGER_RTT.c.obj)
 .rodata._aInitStr.0
                0x0000000008006f58       0x11 modules/segger/libmodules__segger.a(SEGGER_RTT.c.obj)
 .rodata.set_time_trong_filec.str1.1
                0x0000000008006f69       0x22 modules/drivers_ds3231/ds3231_driver/lib..__..__driver_i2c__drivers_ds3231__ds3231_driver.a(ds3231.c.obj)
 .rodata.str1.1
                0x0000000008006f8b        0x7 modules/drivers_ds3231/ds3231_driver/lib..__..__driver_i2c__drivers_ds3231__ds3231_driver.a(ds3231.c.obj)
 .rodata.k_sys_fatal_error_handler.str1.1
                0x0000000008006f92        0xf zephyr/kernel/libkernel.a(fatal.c.obj)
 .rodata.z_fatal_error.str1.1
                0x0000000008006fa1       0x77 zephyr/kernel/libkernel.a(fatal.c.obj)
 .rodata.str1.1
                0x0000000008007018       0x4a zephyr/kernel/libkernel.a(fatal.c.obj)
 .rodata.z_cstart.str1.1
                0x0000000008007062        0x5 zephyr/kernel/libkernel.a(init.c.obj)
 .rodata.str1.1
                0x0000000008007067        0x3 zephyr/kernel/libkernel.a(init.c.obj)
 .rodata.boot_banner.str1.1
                0x000000000800706a       0x42 zephyr/kernel/libkernel.a(banner.c.obj)
 *(SORT_BY_ALIGNMENT(.gnu.linkonce.r.*))
                0x00000000080070ac                . = ALIGN (0x4)
                0x00000000080070ac                __rodata_region_end = .
                0x00000000080070ac                . = ALIGN (_region_min_align)
                0x00000000080070ac                __rom_region_end = ((__rom_region_start + .) - ADDR (rom_start))

/DISCARD/
 *(SORT_BY_ALIGNMENT(.got.plt))
 *(SORT_BY_ALIGNMENT(.igot.plt))
 *(SORT_BY_ALIGNMENT(.got))
 *(SORT_BY_ALIGNMENT(.igot))
                0x0000000020000000                . = 0x20000000
                0x0000000020000000                . = ALIGN (_region_min_align)
                0x0000000020000000                _image_ram_start = .

.ramfunc        0x0000000020000000        0x0 load address 0x00000000080070ac
                0x0000000020000000                . = ALIGN (_region_min_align)
                0x0000000020000000                __ramfunc_start = .
 *(SORT_BY_ALIGNMENT(.ramfunc))
 *(SORT_BY_ALIGNMENT(.ramfunc.*))
                0x0000000020000000                . = ALIGN (_region_min_align)
                0x0000000020000000                __ramfunc_end = .
                0x0000000000000000                __ramfunc_size = (__ramfunc_end - __ramfunc_start)
                0x00000000080070ac                __ramfunc_load_start = LOADADDR (.ramfunc)

datas           0x0000000020000000       0x4c load address 0x00000000080070ac
                0x0000000020000000                __data_region_start = .
                0x0000000020000000                __data_start = .
 *(SORT_BY_ALIGNMENT(.data))
 *(SORT_BY_ALIGNMENT(.data.*))
 .data._char_out
                0x0000000020000000        0x4 zephyr/libzephyr.a(printk.c.obj)
                0x0000000020000000                _char_out
 .data.timestamp_func
                0x0000000020000004        0x4 zephyr/libzephyr.a(log_core.c.obj)
 .data._stdout_hook
                0x0000000020000008        0x4 zephyr/lib/libc/minimal/liblib__libc__minimal.a(stdout_console.c.obj)
 .data.stm32_clock_control_api
                0x000000002000000c       0x1c zephyr/drivers/clock_control/libdrivers__clock_control.a(clock_stm32_ll_common.c.obj)
 .data.SystemCoreClock
                0x0000000020000028        0x4 modules/stm32/stm32cube/lib..__modules__hal__stm32__stm32cube.a(system_stm32f1xx.c.obj)
                0x0000000020000028                SystemCoreClock
 .data.sample_ds3231_driver_config_0
                0x000000002000002c        0x8 modules/drivers_ds3231/ds3231_driver/lib..__..__driver_i2c__drivers_ds3231__ds3231_driver.a(ds3231.c.obj)
                0x000000002000002c                sample_ds3231_driver_config_0
 .data.timeout_list
                0x0000000020000034        0x8 zephyr/kernel/libkernel.a(timeout.c.obj)
 .data.exti_irq_table
                0x000000002000003c       0x10 zephyr/drivers/interrupt_controller/libdrivers__interrupt_controller.a(intc_exti_stm32.c.obj)
 *(SORT_BY_ALIGNMENT(.kernel.*))
                0x000000002000004c                __data_end = .
                0x000000000000004c                __data_size = (__data_end - __data_start)
                0x00000000080070ac                __data_load_start = LOADADDR (datas)
                0x00000000080070ac                __data_region_load_start = LOADADDR (datas)

device_states   0x000000002000004c       0x12 load address 0x00000000080070f8
                0x000000002000004c                __device_states_start = .
 *(SORT_BY_ALIGNMENT(.z_devstate))
 .z_devstate    0x000000002000004c        0x2 zephyr/drivers/interrupt_controller/libdrivers__interrupt_controller.a(intc_exti_stm32.c.obj)
 .z_devstate    0x000000002000004e        0x2 zephyr/drivers/clock_control/libdrivers__clock_control.a(clock_stm32_ll_common.c.obj)
 .z_devstate    0x0000000020000050        0xa zephyr/drivers/gpio/libdrivers__gpio.a(gpio_stm32.c.obj)
 .z_devstate    0x000000002000005a        0x2 zephyr/drivers/i2c/libdrivers__i2c.a(i2c_ll_stm32.c.obj)
 .z_devstate    0x000000002000005c        0x2 modules/drivers_ds3231/ds3231_driver/lib..__..__driver_i2c__drivers_ds3231__ds3231_driver.a(ds3231.c.obj)
 *(SORT_BY_ALIGNMENT(.z_devstate.*))
                0x000000002000005e                __device_states_end = .

log_mpsc_pbuf_area
                0x0000000020000060       0x38 load address 0x000000000800710c
                0x0000000020000060                _log_mpsc_pbuf_list_start = .
 *(SORT_BY_NAME(SORT_BY_ALIGNMENT(._log_mpsc_pbuf.static.*)))
 ._log_mpsc_pbuf.static.log_buffer_
                0x0000000020000060       0x38 zephyr/libzephyr.a(log_core.c.obj)
                0x0000000020000098                _log_mpsc_pbuf_list_end = .

log_msg_ptr_area
                0x0000000020000098        0x4 load address 0x0000000008007144
                0x0000000020000098                _log_msg_ptr_list_start = .
 *(SORT_BY_NAME(SORT_BY_ALIGNMENT(._log_msg_ptr.static.*)))
 ._log_msg_ptr.static.log_msg_ptr_
                0x0000000020000098        0x4 zephyr/libzephyr.a(log_core.c.obj)
                0x000000002000009c                _log_msg_ptr_list_end = .

log_dynamic_area
                0x000000002000009c        0x0 load address 0x0000000008007148
                0x000000002000009c                _log_dynamic_list_start = .
 *(SORT_BY_NAME(SORT_BY_ALIGNMENT(._log_dynamic.static.*)))
                0x000000002000009c                _log_dynamic_list_end = .

k_timer_area    0x000000002000009c        0x0 load address 0x0000000008007148
                0x000000002000009c                _k_timer_list_start = .
 *(SORT_BY_NAME(SORT_BY_ALIGNMENT(._k_timer.static.*)))
                0x000000002000009c                _k_timer_list_end = .

k_mem_slab_area
                0x000000002000009c        0x0 load address 0x0000000008007148
                0x000000002000009c                _k_mem_slab_list_start = .
 *(SORT_BY_NAME(SORT_BY_ALIGNMENT(._k_mem_slab.static.*)))
                0x000000002000009c                _k_mem_slab_list_end = .

k_heap_area     0x000000002000009c        0x0 load address 0x0000000008007148
                0x000000002000009c                _k_heap_list_start = .
 *(SORT_BY_NAME(SORT_BY_ALIGNMENT(._k_heap.static.*)))
                0x000000002000009c                _k_heap_list_end = .

k_mutex_area    0x000000002000009c       0x14 load address 0x0000000008007148
                0x000000002000009c                _k_mutex_list_start = .
 *(SORT_BY_NAME(SORT_BY_ALIGNMENT(._k_mutex.static.*)))
 ._k_mutex.static.rtt_term_mutex_
                0x000000002000009c       0x14 modules/segger/libmodules__segger.a(SEGGER_RTT_zephyr.c.obj)
                0x000000002000009c                rtt_term_mutex
                0x00000000200000b0                _k_mutex_list_end = .

k_stack_area    0x00000000200000b0        0x0 load address 0x000000000800715c
                0x00000000200000b0                _k_stack_list_start = .
 *(SORT_BY_NAME(SORT_BY_ALIGNMENT(._k_stack.static.*)))
                0x00000000200000b0                _k_stack_list_end = .

k_msgq_area     0x00000000200000b0        0x0 load address 0x000000000800715c
                0x00000000200000b0                _k_msgq_list_start = .
 *(SORT_BY_NAME(SORT_BY_ALIGNMENT(._k_msgq.static.*)))
                0x00000000200000b0                _k_msgq_list_end = .

k_mbox_area     0x00000000200000b0        0x0 load address 0x000000000800715c
                0x00000000200000b0                _k_mbox_list_start = .
 *(SORT_BY_NAME(SORT_BY_ALIGNMENT(._k_mbox.static.*)))
                0x00000000200000b0                _k_mbox_list_end = .

k_pipe_area     0x00000000200000b0        0x0 load address 0x000000000800715c
                0x00000000200000b0                _k_pipe_list_start = .
 *(SORT_BY_NAME(SORT_BY_ALIGNMENT(._k_pipe.static.*)))
                0x00000000200000b0                _k_pipe_list_end = .

k_sem_area      0x00000000200000b0       0x10 load address 0x000000000800715c
                0x00000000200000b0                _k_sem_list_start = .
 *(SORT_BY_NAME(SORT_BY_ALIGNMENT(._k_sem.static.*)))
 ._k_sem.static.log_process_thread_sem_
                0x00000000200000b0       0x10 zephyr/libzephyr.a(log_core.c.obj)
                0x00000000200000b0                log_process_thread_sem
                0x00000000200000c0                _k_sem_list_end = .

k_event_area    0x00000000200000c0        0x0 load address 0x000000000800716c
                0x00000000200000c0                _k_event_list_start = .
 *(SORT_BY_NAME(SORT_BY_ALIGNMENT(._k_event.static.*)))
                0x00000000200000c0                _k_event_list_end = .

k_queue_area    0x00000000200000c0        0x0 load address 0x000000000800716c
                0x00000000200000c0                _k_queue_list_start = .
 *(SORT_BY_NAME(SORT_BY_ALIGNMENT(._k_queue.static.*)))
                0x00000000200000c0                _k_queue_list_end = .

k_condvar_area  0x00000000200000c0        0x0 load address 0x000000000800716c
                0x00000000200000c0                _k_condvar_list_start = .
 *(SORT_BY_NAME(SORT_BY_ALIGNMENT(._k_condvar.static.*)))
                0x00000000200000c0                _k_condvar_list_end = .

net_buf_pool_area
                0x00000000200000c0        0x0 load address 0x000000000800716c
                0x00000000200000c0                _net_buf_pool_list_start = .
 *(SORT_BY_NAME(SORT_BY_ALIGNMENT(._net_buf_pool.static.*)))
                0x00000000200000c0                _net_buf_pool_list_end = .
                0x00000000200000c0                __data_region_end = .

bss             0x00000000200000c0      0xc21
                0x00000000200000c0                . = ALIGN (0x4)
                0x00000000200000c0                __bss_start = .
                0x00000000200000c0                __kernel_ram_start = .
 *(SORT_BY_ALIGNMENT(.bss))
 *(SORT_BY_ALIGNMENT(.bss.*))
 .bss.logging_thread
                0x00000000200000c0       0x70 zephyr/libzephyr.a(log_core.c.obj)
                0x00000000200000c0                logging_thread
 .bss.buf32     0x0000000020000130      0x400 zephyr/libzephyr.a(log_core.c.obj)
 .bss.last_failure_report
                0x0000000020000530        0x8 zephyr/libzephyr.a(log_core.c.obj)
 .bss.log_process_thread_timer
                0x0000000020000538       0x38 zephyr/libzephyr.a(log_core.c.obj)
 .bss.announced_cycles
                0x0000000020000570        0x8 zephyr/drivers/timer/libdrivers__timer.a(cortex_m_systick.c.obj)
 .bss.cycle_count
                0x0000000020000578        0x8 zephyr/drivers/timer/libdrivers__timer.a(cortex_m_systick.c.obj)
 .bss.z_idle_threads
                0x0000000020000580       0x70 zephyr/kernel/libkernel.a(init.c.obj)
                0x0000000020000580                z_idle_threads
 .bss.z_main_thread
                0x00000000200005f0       0x70 zephyr/kernel/libkernel.a(init.c.obj)
                0x00000000200005f0                z_main_thread
 .bss.slice_timeouts
                0x0000000020000660       0x18 zephyr/kernel/libkernel.a(sched.c.obj)
 .bss.curr_tick
                0x0000000020000678        0x8 zephyr/kernel/libkernel.a(timeout.c.obj)
 .bss.curr_log_buffer
                0x0000000020000680        0x4 zephyr/libzephyr.a(log_core.c.obj)
 .bss.proc_tid  0x0000000020000684        0x4 zephyr/libzephyr.a(log_core.c.obj)
 .bss.dropped_cnt
                0x0000000020000688        0x4 zephyr/libzephyr.a(log_core.c.obj)
 .bss.buffered_cnt
                0x000000002000068c        0x4 zephyr/libzephyr.a(log_core.c.obj)
 .bss.initialized
                0x0000000020000690        0x4 zephyr/libzephyr.a(log_core.c.obj)
 .bss.timestamp_div
                0x0000000020000694        0x4 zephyr/libzephyr.a(log_output.c.obj)
 .bss.freq      0x0000000020000698        0x4 zephyr/libzephyr.a(log_output.c.obj)
 .bss.backend_cb_log_backend_rtt
                0x000000002000069c        0x8 zephyr/libzephyr.a(log_backend_rtt.c.obj)
 .bss.log_output_rtt_control_block
                0x00000000200006a4        0xc zephyr/libzephyr.a(log_backend_rtt.c.obj)
 .bss.log_format_current
                0x00000000200006b0        0x4 zephyr/libzephyr.a(log_backend_rtt.c.obj)
 .bss.exti_data
                0x00000000200006b4       0x80 zephyr/drivers/interrupt_controller/libdrivers__interrupt_controller.a(intc_exti_stm32.c.obj)
 .bss.gpio_stm32_data_e
                0x0000000020000734       0x10 zephyr/drivers/gpio/libdrivers__gpio.a(gpio_stm32.c.obj)
 .bss.gpio_stm32_data_d
                0x0000000020000744       0x10 zephyr/drivers/gpio/libdrivers__gpio.a(gpio_stm32.c.obj)
 .bss.gpio_stm32_data_c
                0x0000000020000754       0x10 zephyr/drivers/gpio/libdrivers__gpio.a(gpio_stm32.c.obj)
 .bss.gpio_stm32_data_b
                0x0000000020000764       0x10 zephyr/drivers/gpio/libdrivers__gpio.a(gpio_stm32.c.obj)
 .bss.gpio_stm32_data_a
                0x0000000020000774       0x10 zephyr/drivers/gpio/libdrivers__gpio.a(gpio_stm32.c.obj)
 .bss.i2c_stm32_dev_data_0
                0x0000000020000784       0x4c zephyr/drivers/i2c/libdrivers__i2c.a(i2c_ll_stm32.c.obj)
 .bss.overflow_cyc
                0x00000000200007d0        0x4 zephyr/drivers/timer/libdrivers__timer.a(cortex_m_systick.c.obj)
 .bss.last_load
                0x00000000200007d4        0x4 zephyr/drivers/timer/libdrivers__timer.a(cortex_m_systick.c.obj)
 .bss._SEGGER_RTT
                0x00000000200007d8       0xa8 modules/segger/libmodules__segger.a(SEGGER_RTT.c.obj)
                0x00000000200007d8                _SEGGER_RTT
 .bss._cpus_active
                0x0000000020000880        0x4 zephyr/kernel/libkernel.a(init.c.obj)
                0x0000000020000880                _cpus_active
 .bss._kernel   0x0000000020000884       0x20 zephyr/kernel/libkernel.a(init.c.obj)
                0x0000000020000884                _kernel
 .bss.pending_current
                0x00000000200008a4        0x4 zephyr/kernel/libkernel.a(sched.c.obj)
 .bss.slice_max_prio
                0x00000000200008a8        0x4 zephyr/kernel/libkernel.a(sched.c.obj)
 .bss.slice_ticks
                0x00000000200008ac        0x4 zephyr/kernel/libkernel.a(sched.c.obj)
 .bss.announce_remaining
                0x00000000200008b0        0x4 zephyr/kernel/libkernel.a(timeout.c.obj)
 .bss.valueBCD  0x00000000200008b4        0x6 app/libapp.a(main.c.obj)
                0x00000000200008b4                valueBCD
 .bss.backend_attached
                0x00000000200008ba        0x1 zephyr/libzephyr.a(log_core.c.obj)
 .bss.panic_mode
                0x00000000200008bb        0x1 zephyr/libzephyr.a(log_core.c.obj)
 .bss.host_present
                0x00000000200008bc        0x1 zephyr/libzephyr.a(log_backend_rtt.c.obj)
 .bss.panic_mode
                0x00000000200008bd        0x1 zephyr/libzephyr.a(log_backend_rtt.c.obj)
 .bss.char_buf  0x00000000200008be       0x10 zephyr/libzephyr.a(log_backend_rtt.c.obj)
 .bss.host_present
                0x00000000200008ce        0x1 zephyr/drivers/console/libdrivers__console.a(rtt_console.c.obj)
 .bss._acDownBuffer
                0x00000000200008cf       0x10 modules/segger/libmodules__segger.a(SEGGER_RTT.c.obj)
 .bss._acUpBuffer
                0x00000000200008df      0x400 modules/segger/libmodules__segger.a(SEGGER_RTT.c.obj)
 .bss.z_sys_post_kernel
                0x0000000020000cdf        0x1 zephyr/kernel/libkernel.a(init.c.obj)
                0x0000000020000cdf                z_sys_post_kernel
 .bss.lock      0x0000000020000ce0        0x0 zephyr/kernel/libkernel.a(mutex.c.obj)
 .bss.lock      0x0000000020000ce0        0x0 zephyr/kernel/libkernel.a(sem.c.obj)
 .bss.slice_expired
                0x0000000020000ce0        0x1 zephyr/kernel/libkernel.a(sched.c.obj)
 .bss.sched_spinlock
                0x0000000020000ce1        0x0 zephyr/kernel/libkernel.a(sched.c.obj)
                0x0000000020000ce1                sched_spinlock
 *(SORT_BY_ALIGNMENT(COMMON))
 *(SORT_BY_ALIGNMENT(.kernel_bss.*))
                0x0000000020000ce4                __bss_end = ALIGN (0x4)

noinit          0x0000000020000ce8     0x1000
 *(SORT_BY_ALIGNMENT(.noinit))
 *(SORT_BY_ALIGNMENT(.noinit.*))
 .noinit."WEST_TOPDIR/zephyr/subsys/logging/log_core.c".0
                0x0000000020000ce8      0x300 zephyr/libzephyr.a(log_core.c.obj)
                0x0000000020000ce8                logging_stack
 .noinit."WEST_TOPDIR/zephyr/kernel/init.c".2
                0x0000000020000fe8      0x800 zephyr/kernel/libkernel.a(init.c.obj)
                0x0000000020000fe8                z_interrupt_stacks
 .noinit."WEST_TOPDIR/zephyr/kernel/init.c".1
                0x00000000200017e8      0x100 zephyr/kernel/libkernel.a(init.c.obj)
 .noinit."WEST_TOPDIR/zephyr/kernel/init.c".0
                0x00000000200018e8      0x400 zephyr/kernel/libkernel.a(init.c.obj)
                0x00000000200018e8                z_main_stack
 *(SORT_BY_ALIGNMENT(.kernel_noinit.*))
                0x0000000020005000                __kernel_ram_end = 0x20005000
                0x0000000000004f40                __kernel_ram_size = (__kernel_ram_end - __kernel_ram_start)

.intList        0x00000000fffff800       0x98
 *(SORT_BY_ALIGNMENT(.irq_info*))
 .irq_info      0x00000000fffff800        0x8 zephyr/arch/common/libisr_tables.a(isr_tables.c.obj)
                0x00000000fffff800                _iheader
 *(SORT_BY_ALIGNMENT(.intList*))
 .intList       0x00000000fffff808       0x70 zephyr/drivers/interrupt_controller/libdrivers__interrupt_controller.a(intc_exti_stm32.c.obj)
 .intList       0x00000000fffff878       0x20 zephyr/drivers/i2c/libdrivers__i2c.a(i2c_ll_stm32.c.obj)

.last_ram_section
                0x0000000020001ce8        0x0
                0x0000000020001ce8                _image_ram_end = .
                0x0000000020001ce8                _end = .
                0x0000000020001ce8                z_mapped_end = .

.stab
 *(SORT_BY_ALIGNMENT(.stab))

.stabstr
 *(SORT_BY_ALIGNMENT(.stabstr))

.stab.excl
 *(SORT_BY_ALIGNMENT(.stab.excl))

.stab.exclstr
 *(SORT_BY_ALIGNMENT(.stab.exclstr))

.stab.index
 *(SORT_BY_ALIGNMENT(.stab.index))

.stab.indexstr
 *(SORT_BY_ALIGNMENT(.stab.indexstr))

.gnu.build.attributes
 *(SORT_BY_ALIGNMENT(.gnu.build.attributes) SORT_BY_ALIGNMENT(.gnu.build.attributes.*))

.comment        0x0000000000000000       0x20
 *(SORT_BY_ALIGNMENT(.comment))
 .comment       0x0000000000000000       0x20 zephyr/CMakeFiles/offsets.dir/./arch/arm/core/offsets/offsets.c.obj
                                         0x21 (size before relaxing)
 .comment       0x0000000000000020       0x21 app/libapp.a(main.c.obj)
 .comment       0x0000000000000020       0x21 zephyr/libzephyr.a(cbprintf_packaged.c.obj)
 .comment       0x0000000000000020       0x21 zephyr/libzephyr.a(printk.c.obj)
 .comment       0x0000000000000020       0x21 zephyr/libzephyr.a(thread_entry.c.obj)
 .comment       0x0000000000000020       0x21 zephyr/libzephyr.a(cbprintf_complete.c.obj)
 .comment       0x0000000000000020       0x21 zephyr/libzephyr.a(mpsc_pbuf.c.obj)
 .comment       0x0000000000000020       0x21 zephyr/libzephyr.a(configs.c.obj)
 .comment       0x0000000000000020       0x21 zephyr/libzephyr.a(soc.c.obj)
 .comment       0x0000000000000020       0x21 zephyr/libzephyr.a(soc_config.c.obj)
 .comment       0x0000000000000020       0x21 zephyr/libzephyr.a(log_core.c.obj)
 .comment       0x0000000000000020       0x21 zephyr/libzephyr.a(log_mgmt.c.obj)
 .comment       0x0000000000000020       0x21 zephyr/libzephyr.a(log_msg.c.obj)
 .comment       0x0000000000000020       0x21 zephyr/libzephyr.a(log_output.c.obj)
 .comment       0x0000000000000020       0x21 zephyr/libzephyr.a(log_backend_rtt.c.obj)
 .comment       0x0000000000000020       0x21 zephyr/arch/arch/arm/core/aarch32/libarch__arm__core__aarch32.a(fatal.c.obj)
 .comment       0x0000000000000020       0x21 zephyr/arch/arch/arm/core/aarch32/libarch__arm__core__aarch32.a(irq_manage.c.obj)
 .comment       0x0000000000000020       0x21 zephyr/arch/arch/arm/core/aarch32/libarch__arm__core__aarch32.a(nmi.c.obj)
 .comment       0x0000000000000020       0x21 zephyr/arch/arch/arm/core/aarch32/libarch__arm__core__aarch32.a(prep_c.c.obj)
 .comment       0x0000000000000020       0x21 zephyr/arch/arch/arm/core/aarch32/libarch__arm__core__aarch32.a(swap.c.obj)
 .comment       0x0000000000000020       0x21 zephyr/arch/arch/arm/core/aarch32/libarch__arm__core__aarch32.a(thread.c.obj)
 .comment       0x0000000000000020       0x21 zephyr/arch/arch/arm/core/aarch32/cortex_m/libarch__arm__core__aarch32__cortex_m.a(fault.c.obj)
 .comment       0x0000000000000020       0x21 zephyr/arch/arch/arm/core/aarch32/cortex_m/libarch__arm__core__aarch32__cortex_m.a(irq_init.c.obj)